Component: ARM Compiler 5.06 update 6 (build 750) Tool: armlink [4d35ed]

==============================================================================

Section Cross References

    main.o(.text) refers to _printf_pad.o(.text) for _printf_pre_padding
    main.o(.text) refers to _printf_percent.o(.ARM.Collect$$_printf_percent$$00000000) for _printf_percent
    main.o(.text) refers to _printf_d.o(.ARM.Collect$$_printf_percent$$00000009) for _printf_d
    main.o(.text) refers to _printf_dec.o(.text) for _printf_int_dec
    main.o(.text) refers to _printf_s.o(.ARM.Collect$$_printf_percent$$00000014) for _printf_s
    main.o(.text) refers to _printf_str.o(.text) for _printf_str
    main.o(.text) refers to stm32f4xx_rcc.o(.text) for RCC_APB1PeriphClockCmd
    main.o(.text) refers to stm32f4xx_pwr.o(.text) for PWR_BackupAccessCmd
    main.o(.text) refers to stm32f4xx_rtc.o(.text) for RTC_WaitForSynchro
    main.o(.text) refers to stm32f4xx_tim.o(.text) for TIM_GetITStatus
    main.o(.text) refers to misc.o(.text) for NVIC_Init
    main.o(.text) refers to delay.o(.text) for delay_ms
    main.o(.text) refers to gui.o(.text) for Gui_Drawbmp16
    main.o(.text) refers to lcd.o(.text) for LCD_Init
    main.o(.text) refers to touch.o(.text) for TP_Init
    main.o(.text) refers to key.o(.text) for KEY_Init
    main.o(.text) refers to led.o(.text) for LED_Init
    main.o(.text) refers to stm32f4xx_gpio.o(.text) for GPIO_ToggleBits
    main.o(.text) refers to noretval__2sprintf.o(.text) for __2sprintf
    main.o(.text) refers to main.o(.bss) for RTC_InitStructure
    main.o(.text) refers to main.o(.data) for RTC_DateStructure
    main.o(.text) refers to touch.o(.data) for tp_dev
    main.o(.text) refers to main.o(.constdata) for lambaon
    main.o(.text) refers to lcd.o(.bss) for lcddev
    main.o(.text) refers to lcd.o(.data) for POINT_COLOR
    gui.o(.text) refers to lcd.o(.text) for LCD_SetCursor
    gui.o(.text) refers to lcd.o(.bss) for lcddev
    gui.o(.text) refers to lcd.o(.data) for POINT_COLOR
    gui.o(.text) refers to gui.o(.constdata) for asc2_2412
    gui.o(.text) refers to strlen.o(.text) for strlen
    system_stm32f4xx.o(.text) refers to system_stm32f4xx.o(.data) for SystemCoreClock
    lcd.o(.text) refers to spi.o(.text) for SPI_WriteByte
    lcd.o(.text) refers to stm32f4xx_rcc.o(.text) for RCC_AHB1PeriphClockCmd
    lcd.o(.text) refers to stm32f4xx_gpio.o(.text) for GPIO_Init
    lcd.o(.text) refers to delay.o(.text) for delay_ms
    lcd.o(.text) refers to lcd.o(.bss) for lcddev
    lcd.o(.text) refers to lcd.o(.data) for POINT_COLOR
    spi.o(.text) refers to stm32f4xx_rcc.o(.text) for RCC_AHB1PeriphClockCmd
    spi.o(.text) refers to stm32f4xx_gpio.o(.text) for GPIO_Init
    spi.o(.text) refers to stm32f4xx_spi.o(.text) for SPI_Init
    24cxx.o(.text) refers to myiic.o(.text) for IIC_Init
    24cxx.o(.text) refers to delay.o(.text) for delay_ms
    myiic.o(.text) refers to stm32f4xx_rcc.o(.text) for RCC_AHB1PeriphClockCmd
    myiic.o(.text) refers to stm32f4xx_gpio.o(.text) for GPIO_Init
    myiic.o(.text) refers to delay.o(.text) for delay_us
    key.o(.text) refers to stm32f4xx_rcc.o(.text) for RCC_AHB1PeriphClockCmd
    key.o(.text) refers to stm32f4xx_gpio.o(.text) for GPIO_Init
    key.o(.text) refers to delay.o(.text) for delay_ms
    key.o(.text) refers to key.o(.data) for key_up
    led.o(.text) refers to stm32f4xx_rcc.o(.text) for RCC_AHB1PeriphClockCmd
    led.o(.text) refers to stm32f4xx_gpio.o(.text) for GPIO_Init
    touch.o(.text) refers to delay.o(.text) for delay_us
    touch.o(.text) refers to gui.o(.text) for LCD_DrawLine
    touch.o(.text) refers to lcd.o(.text) for LCD_DrawPoint
    touch.o(.text) refers to 24cxx.o(.text) for AT24CXX_WriteLenByte
    touch.o(.text) refers to touch.o(.data) for CMD_RDX
    touch.o(.text) refers to lcd.o(.data) for POINT_COLOR
    touch.o(.text) refers to dflt_clz.o(x$fpl$dfltu) for __aeabi_ui2d
    touch.o(.text) refers to sqrt.o(i.__hardfp_sqrt) for __hardfp_sqrt
    touch.o(.text) refers to dfixu.o(x$fpl$dfixu) for __aeabi_d2uiz
    touch.o(.text) refers to f2d.o(x$fpl$f2d) for __aeabi_f2d
    touch.o(.text) refers to dleqf.o(x$fpl$dleqf) for __aeabi_cdcmple
    touch.o(.text) refers to drleqf.o(x$fpl$drleqf) for __aeabi_cdrcmple
    touch.o(.text) refers to lcd.o(.bss) for lcddev
    touch.o(.text) refers to dmul.o(x$fpl$dmul) for __aeabi_dmul
    touch.o(.text) refers to stm32f4xx_rcc.o(.text) for RCC_AHB1PeriphClockCmd
    touch.o(.text) refers to stm32f4xx_gpio.o(.text) for GPIO_Init
    touch.o(.data) refers to touch.o(.text) for TP_Init
    touch.o(.data) refers to touch.o(.conststring) for .conststring
    delay.o(.text) refers to misc.o(.text) for SysTick_CLKSourceConfig
    delay.o(.text) refers to delay.o(.data) for fac_us
    startup_stm32f40_41xxx.o(STACK) refers (Special) to heapauxi.o(.text) for __use_two_region_memory
    startup_stm32f40_41xxx.o(HEAP) refers (Special) to heapauxi.o(.text) for __use_two_region_memory
[...]
    dc.s                                     0x00000000   Number         0  dc.o ABSOLUTE
    RESET                                    0x08000000   Section      392  startup_stm32f40_41xxx.o(RESET)
    !!!main                                  0x08000188   Section        8  __main.o(!!!main)
    !!!scatter                               0x08000190   Section       52  __scatter.o(!!!scatter)
    !!dczerorl2                              0x080001c4   Section       90  __dczerorl2.o(!!dczerorl2)
    !!handler_zi                             0x08000220   Section       28  __scatter_zi.o(!!handler_zi)
    .ARM.Collect$$_printf_percent$$00000000  0x0800023c   Section        0  _printf_percent.o(.ARM.Collect$$_printf_percent$$00000000)
    .ARM.Collect$$_printf_percent$$00000009  0x0800023c   Section        6  _printf_d.o(.ARM.Collect$$_printf_percent$$00000009)
    .ARM.Collect$$_printf_percent$$00000014  0x08000242   Section        6  _printf_s.o(.ARM.Collect$$_printf_percent$$00000014)
    .ARM.Collect$$_printf_percent$$00000017  0x08000248   Section        4  _printf_percent_end.o(.ARM.Collect$$_printf_percent$$00000017)
    .ARM.Collect$$libinit$$00000000          0x0800024c   Section        2  libinit.o(.ARM.Collect$$libinit$$00000000)
    .ARM.Collect$$libinit$$00000001          0x0800024e   Section        4  libinit2.o(.ARM.Collect$$libinit$$00000001)
    .ARM.Collect$$libinit$$00000004          0x08000252   Section        0  libinit2.o(.ARM.Collect$$libinit$$00000004)
    .ARM.Collect$$libinit$$0000000A          0x08000252   Section        0  libinit2.o(.ARM.Collect$$libinit$$0000000A)
    .ARM.Collect$$libinit$$0000000C          0x08000252   Section        0  libinit2.o(.ARM.Collect$$libinit$$0000000C)
    .ARM.Collect$$libinit$$0000000E          0x08000252   Section        0  libinit2.o(.ARM.Collect$$libinit$$0000000E)
    .ARM.Collect$$libinit$$00000011          0x08000252   Section        0  libinit2.o(.ARM.Collect$$libinit$$00000011)
    .ARM.Collect$$libinit$$00000013          0x08000252   Section        0  libinit2.o(.ARM.Collect$$libinit$$00000013)
    .ARM.Collect$$libinit$$00000015          0x08000252   Section        0  libinit2.o(.ARM.Collect$$libinit$$00000015)
    .ARM.Collect$$libinit$$00000017          0x08000252   Section        0  libinit2.o(.ARM.Collect$$libinit$$00000017)
    .ARM.Collect$$libinit$$00000019          0x08000252   Section        0  libinit2.o(.ARM.Collect$$libinit$$00000019)
    .ARM.Collect$$libinit$$0000001B          0x08000252   Section        0  libinit2.o(.ARM.Collect$$libinit$$0000001B)
    .ARM.Collect$$libinit$$0000001D          0x08000252   Section        0  libinit2.o(.ARM.Collect$$libinit$$0000001D)
    .ARM.Collect$$libinit$$0000001F          0x08000252   Section        0  libinit2.o(.ARM.Collect$$libinit$$0000001F)
    .ARM.Collect$$libinit$$00000021          0x08000252   Section        0  libinit2.o(.ARM.Collect$$libinit$$00000021)
    .ARM.Collect$$libinit$$00000023          0x08000252   Section        0  libinit2.o(.ARM.Collect$$libinit$$00000023)
    .ARM.Collect$$libinit$$00000025          0x08000252   Section        0  libinit2.o(.ARM.Collect$$libinit$$00000025)
    .ARM.Collect$$libinit$$0000002C          0x08000252   Section        0  libinit2.o(.ARM.Collect$$libinit$$0000002C)
    .ARM.Collect$$libinit$$0000002E          0x08000252   Section        0  libinit2.o(.ARM.Collect$$libinit$$0000002E)
    .ARM.Collect$$libinit$$00000030          0x08000252   Section        0  libinit2.o(.ARM.Collect$$libinit$$00000030)
    .ARM.Collect$$libinit$$00000032          0x08000252   Section        0  libinit2.o(.ARM.Collect$$libinit$$00000032)
    .ARM.Collect$$libinit$$00000033          0x08000252   Section        2  libinit2.o(.ARM.Collect$$libinit$$00000033)
    .ARM.Collect$$libshutdown$$00000000      0x08000254   Section        2  libshutdown.o(.ARM.Collect$$libshutdown$$00000000)
    .ARM.Collect$$libshutdown$$00000002      0x08000256   Section        0  libshutdown2.o(.ARM.Collect$$libshutdown$$00000002)
    .ARM.Collect$$libshutdown$$00000004      0x08000256   Section        0  libshutdown2.o(.ARM.Collect$$libshutdown$$00000004)
    .ARM.Collect$$libshutdown$$00000007      0x08000256   Section        0  libshutdown2.o(.ARM.Collect$$libshutdown$$00000007)
    .ARM.Collect$$libshutdown$$0000000A      0x08000256   Section        0  libshutdown2.o(.ARM.Collect$$libshutdown$$0000000A)
    .ARM.Collect$$libshutdown$$0000000C      0x08000256   Section        0  libshutdown2.o(.ARM.Collect$$libshutdown$$0000000C)
    .ARM.Collect$$libshutdown$$0000000F      0x08000256   Section        0  libshutdown2.o(.ARM.Collect$$libshutdown$$0000000F)
    .ARM.Collect$$libshutdown$$00000010      0x08000256   Section        2  libshutdown2.o(.ARM.Collect$$libshutdown$$00000010)
    .ARM.Collect$$rtentry$$00000000          0x08000258   Section        0  __rtentry.o(.ARM.Collect$$rtentry$$00000000)
    .ARM.Collect$$rtentry$$00000002          0x08000258   Section        0  __rtentry2.o(.ARM.Collect$$rtentry$$00000002)
    .ARM.Collect$$rtentry$$00000004          0x08000258   Section        6  __rtentry4.o(.ARM.Collect$$rtentry$$00000004)
    .ARM.Collect$$rtentry$$00000009          0x0800025e   Section        0  __rtentry2.o(.ARM.Collect$$rtentry$$00000009)
    .ARM.Collect$$rtentry$$0000000A          0x0800025e   Section        4  __rtentry2.o(.ARM.Collect$$rtentry$$0000000A)
    .ARM.Collect$$rtentry$$0000000C          0x08000262   Section        0  __rtentry2.o(.ARM.Collect$$rtentry$$0000000C)
    .ARM.Collect$$rtentry$$0000000D          0x08000262   Section        8  __rtentry2.o(.ARM.Collect$$rtentry$$0000000D)
    .ARM.Collect$$rtexit$$00000000           0x0800026a   Section        2  rtexit.o(.ARM.Collect$$rtexit$$00000000)
    .ARM.Collect$$rtexit$$00000002           0x0800026c   Section        0  rtexit2.o(.ARM.Collect$$rtexit$$00000002)
    .ARM.Collect$$rtexit$$00000003           0x0800026c   Section        4  rtexit2.o(.ARM.Collect$$rtexit$$00000003)
    .ARM.Collect$$rtexit$$00000004           0x08000270   Section        6  rtexit2.o(.ARM.Collect$$rtexit$$00000004)
    .text                                    0x08000278   Section        0  main.o(.text)
    .text                                    0x08000910   Section        0  gui.o(.text)
    _swap                                    0x08000bfb   Thumb Code    10  gui.o(.text)
    .text                                    0x080019bc   Section        0  stm32f4xx_it.o(.text)
    .text                                    0x080019d8   Section        0  system_stm32f4xx.o(.text)
    SetSysClock                              0x080019d9   Thumb Code   220  system_stm32f4xx.o(.text)
    .text                                    0x08001be8   Section        0  lcd.o(.text)
    .text                                    0x080020d0   Section        0  spi.o(.text)
    .text                                    0x080021cc   Section        0  24cxx.o(.text)
    .text                                    0x08002348   Section        0  myiic.o(.text)
    .text                                    0x080025a4   Section        0  key.o(.text)
    .text                                    0x080026a8   Section        0  led.o(.text)
    .text                                    0x080026e0   Section        0  touch.o(.text)
    .text                                    0x080035d8   Section        0  delay.o(.text)
    .text                                    0x080036dc   Section       64  startup_stm32f40_41xxx.o(.text)
    $v0                                      0x080036dc   Number         0  startup_stm32f40_41xxx.o(.text)
    .text                                    0x0800371c   Section        0  misc.o(.text)
    .text                                    0x080037fc   Section        0  stm32f4xx_gpio.o(.text)
    .text                                    0x08003a90   Section        0  stm32f4xx_rcc.o(.text)
    .text                                    0x080040ec   Section        0  stm32f4xx_spi.o(.text)
    .text                                    0x0800456c   Section        0  stm32f4xx_rtc.o(.text)
    RTC_ByteToBcd2                           0x080047ff   Thumb Code    28  stm32f4xx_rtc.o(.text)
    RTC_Bcd2ToByte                           0x0800481b   Thumb Code    22  stm32f4xx_rtc.o(.text)
    .text                                    0x080052d4   Section        0  stm32f4xx_pwr.o(.text)
    .text                                    0x08005440   Section        0  stm32f4xx_tim.o(.text)
    TI4_Config                               0x08005bdf   Thumb Code    80  stm32f4xx_tim.o(.text)
    TI3_Config                               0x08005c41   Thumb Code    72  stm32f4xx_tim.o(.text)
    TI2_Config                               0x08005ca3   Thumb Code    90  stm32f4xx_tim.o(.text)
    TI1_Config                               0x08005d0f   Thumb Code    58  stm32f4xx_tim.o(.text)
    .text                                    0x080060e4   Section        0  noretval__2sprintf.o(.text)
    .text                                    0x0800610c   Section        0  _printf_pad.o(.text)
    .text                                    0x0800615a   Section        0  _printf_str.o(.text)
    .text                                    0x080061ac   Section        0  _printf_dec.o(.text)
    .text                                    0x08006224   Section        0  __printf_flags_wp.o(.text)
    .text                                    0x0800635c   Section        0  strlen.o(.text)
    .text                                    0x0800639a   Section        0  heapauxi.o(.text)
    .text                                    0x080063a0   Section        0  _rserrno.o(.text)
    .text                                    0x080063b6   Section        0  _printf_intcommon.o(.text)
    .text                                    0x08006468   Section        0  _printf_char_common.o(.text)
    _printf_input_char                       0x08006469   Thumb Code    10  _printf_char_common.o(.text)
    .text                                    0x08006498   Section        0  _sputc.o(.text)
    .text                                    0x080064a2   Section        0  _printf_char.o(.text)
    .text                                    0x080064d0   Section        8  rt_errno_addr_intlibspace.o(.text)
    .text                                    0x080064d8   Section        8  libspace.o(.text)
    .text                                    0x080064e0   Section       74  sys_stackheap_outer.o(.text)
    .text                                    0x0800652a   Section        0  exit.o(.text)
    .text                                    0x0800653c   Section        0  sys_exit.o(.text)
    .text                                    0x08006548   Section        2  use_no_semi.o(.text)
    .text                                    0x0800654a   Section        0  indicate_semi.o(.text)
    i.__hardfp_sqrt                          0x0800654a   Section        0  sqrt.o(i.__hardfp_sqrt)
    i._is_digit                              0x080065c4   Section        0  __printf_wp.o(i._is_digit)
    x$fpl$dcmpinf                            0x080065d2   Section       24  dcmpi.o(x$fpl$dcmpinf)
    $v0                                      0x080065d2   Number         0  dcmpi.o(x$fpl$dcmpinf)
    x$fpl$dfixu                              0x080065ec   Section       90  dfixu.o(x$fpl$dfixu)
    $v0                                      0x080065ec   Number         0  dfixu.o(x$fpl$dfixu)
    x$fpl$dfltu                              0x08006646   Section       38  dflt_clz.o(x$fpl$dfltu)
    $v0                                      0x08006646   Number         0  dflt_clz.o(x$fpl$dfltu)
    x$fpl$dleqf                              0x0800666c   Section      120  dleqf.o(x$fpl$dleqf)
    $v0                                      0x0800666c   Number         0  dleqf.o(x$fpl$dleqf)
    x$fpl$dmul                               0x080066e4   Section      340  dmul.o(x$fpl$dmul)
    $v0                                      0x080066e4   Number         0  dmul.o(x$fpl$dmul)
    x$fpl$dnaninf                            0x08006838   Section      156  dnaninf.o(x$fpl$dnaninf)
    $v0                                      0x08006838   Number         0  dnaninf.o(x$fpl$dnaninf)
    x$fpl$dretinf                            0x080068d4   Section       12  dretinf.o(x$fpl$dretinf)
    $v0                                      0x080068d4   Number         0  dretinf.o(x$fpl$dretinf)
    x$fpl$drleqf                             0x080068e0   Section      108  drleqf.o(x$fpl$drleqf)
    $v0                                      0x080068e0   Number         0  drleqf.o(x$fpl$drleqf)
    x$fpl$dsqrt                              0x0800694c   Section      408  dsqrt_umaal.o(x$fpl$dsqrt)
    $v0                                      0x0800694c   Number         0  dsqrt_umaal.o(x$fpl$dsqrt)
    x$fpl$f2d                                0x08006ae4   Section       86  f2d.o(x$fpl$f2d)
    $v0                                      0x08006ae4   Number         0  f2d.o(x$fpl$f2d)
    x$fpl$fnaninf                            0x08006b3a   Section      140  fnaninf.o(x$fpl$fnaninf)
    $v0                                      0x08006b3a   Number         0  fnaninf.o(x$fpl$fnaninf)
    x$fpl$fpinit                             0x08006bc6   Section       10  fpinit.o(x$fpl$fpinit)
    $v0                                      0x08006bc6   Number         0  fpinit.o(x$fpl$fpinit)
    .constdata                               0x08006bd0   Section    179712  main.o(.constdata)
    x$fpl$usenofp                            0x08006bd0   Section        0  usenofp.o(x$fpl$usenofp)
    .constdata                               0x080329d0   Section    27740  gui.o(.constdata)
    .constdata                               0x0803962c   Section       17  __printf_flags_wp.o(.constdata)
    maptable                                 0x0803962c   Data          17  __printf_flags_wp.o(.constdata)
    .conststring                             0x08039640   Section      121  touch.o(.conststring)
    .data                                    0x20000000   Section      372  main.o(.data)
    sec                                      0x20000021   Data           1  main.o(.data)
    min                                      0x20000022   Data           1  main.o(.data)
    hour                                     0x20000023   Data           1  main.o(.data)
    day                                      0x20000024   Data           1  main.o(.data)
    month                                    0x20000025   Data           1  main.o(.data)
    weekday                                  0x20000026   Data           1  main.o(.data)
    year                                     0x20000028   Data           2  main.o(.data)
    .data                                    0x20000174   Section       20  system_stm32f4xx.o(.data)
    .data                                    0x20000188   Section        6  lcd.o(.data)
    .data                                    0x2000018e   Section        1  key.o(.data)
    key_up                                   0x2000018e   Data           1  key.o(.data)
    .data                                    0x20000190   Section       48  touch.o(.data)
    .data                                    0x200001c0   Section        4  delay.o(.data)
    fac_us                                   0x200001c0   Data           1  delay.o(.data)
    fac_ms                                   0x200001c2   Data           2  delay.o(.data)
    .data                                    0x200001c4   Section       16  stm32f4xx_rcc.o(.data)
    APBAHBPrescTable                         0x200001c4   Data          16  stm32f4xx_rcc.o(.data)
    .bss                                     0x200001d4   Section       49  main.o(.bss)
    .bss                                     0x20000206   Section       14  lcd.o(.bss)
    .bss                                     0x20000214   Section       96  libspace.o(.bss)
    HEAP                                     0x20000278   Section      512  startup_stm32f40_41xxx.o(HEAP)
    Heap_Mem                                 0x20000278   Data         512  startup_stm32f40_41xxx.o(HEAP)
    STACK                                    0x20000478   Section     1024  startup_stm32f40_41xxx.o(STACK)
    Stack_Mem                                0x20000478   Data        1024  startup_stm32f40_41xxx.o(STACK)
    __initial_sp                             0x20000878   Data           0  startup_stm32f40_41xxx.o(STACK)

    Global Symbols

    Symbol Name                              Value     Ov Type        Size  Object(Section)

    BuildAttributes$$THM_ISAv4$E$P$D$K$B$S$7EM$VFPi3$EXTD16$VFPS$VFMA$PE$A:L22UL41UL21$X:L11$S22US41US21$IEEE1$IW$USESV6$~STKCKD$USESV7$~SHL$OTIME$ROPI$IEEEJ$EBA8$UX$STANDARDLIB$REQ8$PRES8$EABIv2 0x00000000   Number         0  anon$$obj.o ABSOLUTE
    __ARM_use_no_argv                        0x00000000   Number         0  main.o ABSOLUTE
    _printf_flags                            0x00000000   Number         0  printf_stubs.o ABSOLUTE
    _printf_return_value                     0x00000000   Number         0  printf_stubs.o ABSOLUTE
    _printf_sizespec                         0x00000000   Number         0  printf_stubs.o ABSOLUTE
    _printf_widthprec                        0x00000000   Number         0  printf_stubs.o ABSOLUTE
    __ARM_exceptions_init                     - Undefined Weak Reference
    __alloca_initialize                       - Undefined Weak Reference
    __arm_preinit_                            - Undefined Weak Reference
    __cpp_initialize__aeabi_                  - Undefined Weak Reference
    __cxa_finalize                            - Undefined Weak Reference
    __rt_locale                               - Undefined Weak Reference
    __sigvec_lookup                           - Undefined Weak Reference
    _atexit_init                              - Undefined Weak Reference
    _call_atexit_fns                          - Undefined Weak Reference
    _clock_init                               - Undefined Weak Reference
    _fp_trap_init                             - Undefined Weak Reference
    _fp_trap_shutdown                         - Undefined Weak Reference
    _get_lc_collate                           - Undefined Weak Reference
    _get_lc_ctype                             - Undefined Weak Reference
    _get_lc_monetary                          - Undefined Weak Reference
    _get_lc_numeric                           - Undefined Weak Reference
    _get_lc_time                              - Undefined Weak Reference
    _getenv_init                              - Undefined Weak Reference
    _handle_redirection                       - Undefined Weak Reference
    _init_alloc                               - Undefined Weak Reference
    _init_user_alloc                          - Undefined Weak Reference
    _initio                                   - Undefined Weak Reference
    _printf_mbtowc                            - Undefined Weak Reference
    _printf_truncate_signed                   - Undefined Weak Reference
    _printf_truncate_unsigned                 - Undefined Weak Reference
    _rand_init                                - Undefined Weak Reference
    _signal_finish                            - Undefined Weak Reference
    _signal_init                              - Undefined Weak Reference
    _terminate_alloc                          - Undefined Weak Reference
    _terminate_user_alloc                     - Undefined Weak Reference
    _terminateio                              - Undefined Weak Reference
    __Vectors_Size                           0x00000188   Number         0  startup_stm32f40_41xxx.o ABSOLUTE
    __Vectors                                0x08000000   Data           4  startup_stm32f40_41xxx.o(RESET)
    __Vectors_End                            0x08000188   Data           0  startup_stm32f40_41xxx.o(RESET)
    __main                                   0x08000189   Thumb Code     8  __main.o(!!!main)
    __scatterload                            0x08000191   Thumb Code     0  __scatter.o(!!!scatter)
    __scatterload_rt2                        0x08000191   Thumb Code    44  __scatter.o(!!!scatter)
    __scatterload_rt2_thumb_only             0x08000191   Thumb Code     0  __scatter.o(!!!scatter)
    __scatterload_null                       0x0800019f   Thumb Code     0  __scatter.o(!!!scatter)
    __decompress                             0x080001c5   Thumb Code    90  __dczerorl2.o(!!dczerorl2)
    __decompress1                            0x080001c5   Thumb Code     0  __dczerorl2.o(!!dczerorl2)
    __scatterload_zeroinit                   0x08000221   Thumb Code    28  __scatter_zi.o(!!handler_zi)
    _printf_d                                0x0800023d   Thumb Code     0  _printf_d.o(.ARM.Collect$$_printf_percent$$00000009)
    _printf_percent                          0x0800023d   Thumb Code     0  _printf_percent.o(.ARM.Collect$$_printf_percent$$00000000)
    _printf_s                                0x08000243   Thumb Code     0  _printf_s.o(.ARM.Collect$$_printf_percent$$00000014)
    _printf_percent_end                      0x08000249   Thumb Code     0  _printf_percent_end.o(.ARM.Collect$$_printf_percent$$00000017)
    __rt_lib_init                            0x0800024d   Thumb Code     0  libinit.o(.ARM.Collect$$libinit$$00000000)
    __rt_lib_init_fp_1                       0x0800024f   Thumb Code     0  libinit2.o(.ARM.Collect$$libinit$$00000001)
    __rt_lib_init_alloca_1                   0x08000253   Thumb Code     0  libinit2.o(.ARM.Collect$$libinit$$0000002E)
    __rt_lib_init_argv_1                     0x08000253   Thumb Code     0  libinit2.o(.ARM.Collect$$libinit$$0000002C)
    __rt_lib_init_atexit_1                   0x08000253   Thumb Code     0  libinit2.o(.ARM.Collect$$libinit$$0000001B)
    __rt_lib_init_clock_1                    0x08000253   Thumb Code     0  libinit2.o(.ARM.Collect$$libinit$$00000021)
    __rt_lib_init_cpp_1                      0x08000253   Thumb Code     0  libinit2.o(.ARM.Collect$$libinit$$00000032)
    __rt_lib_init_exceptions_1               0x08000253   Thumb Code     0  libinit2.o(.ARM.Collect$$libinit$$00000030)
    __rt_lib_init_fp_trap_1                  0x08000253   Thumb Code     0  libinit2.o(.ARM.Collect$$libinit$$0000001F)
    __rt_lib_init_getenv_1                   0x08000253   Thumb Code     0  libinit2.o(.ARM.Collect$$libinit$$00000023)
    __rt_lib_init_heap_1                     0x08000253   Thumb Code     0  libinit2.o(.ARM.Collect$$libinit$$0000000A)
    __rt_lib_init_lc_collate_1               0x08000253   Thumb Code     0  libinit2.o(.ARM.Collect$$libinit$$00000011)
    __rt_lib_init_lc_ctype_1                 0x08000253   Thumb Code     0  libinit2.o(.ARM.Collect$$libinit$$00000013)
    __rt_lib_init_lc_monetary_1              0x08000253   Thumb Code     0  libinit2.o(.ARM.Collect$$libinit$$00000015)
    __rt_lib_init_lc_numeric_1               0x08000253   Thumb Code     0  libinit2.o(.ARM.Collect$$libinit$$00000017)
    __rt_lib_init_lc_time_1                  0x08000253   Thumb Code     0  libinit2.o(.ARM.Collect$$libinit$$00000019)
    __rt_lib_init_preinit_1                  0x08000253   Thumb Code     0  libinit2.o(.ARM.Collect$$libinit$$00000004)
    __rt_lib_init_rand_1                     0x08000253   Thumb Code     0  libinit2.o(.ARM.Collect$$libinit$$0000000E)
    __rt_lib_init_return                     0x08000253   Thumb Code     0  libinit2.o(.ARM.Collect$$libinit$$00000033)
    __rt_lib_init_signal_1                   0x08000253   Thumb Code     0  libinit2.o(.ARM.Collect$$libinit$$0000001D)
    __rt_lib_init_stdio_1                    0x08000253   Thumb Code     0  libinit2.o(.ARM.Collect$$libinit$$00000025)
    __rt_lib_init_user_alloc_1               0x08000253   Thumb Code     0  libinit2.o(.ARM.Collect$$libinit$$0000000C)
    __rt_lib_shutdown                        0x08000255   Thumb Code     0  libshutdown.o(.ARM.Collect$$libshutdown$$00000000)
    __rt_lib_shutdown_cpp_1                  0x08000257   Thumb Code     0  libshutdown2.o(.ARM.Collect$$libshutdown$$00000002)
    __rt_lib_shutdown_fp_trap_1              0x08000257   Thumb Code     0  libshutdown2.o(.ARM.Collect$$libshutdown$$00000007)
    __rt_lib_shutdown_heap_1                 0x08000257   Thumb Code     0  libshutdown2.o(.ARM.Collect$$libshutdown$$0000000F)
    __rt_lib_shutdown_return                 0x08000257   Thumb Code     0  libshutdown2.o(.ARM.Collect$$libshutdown$$00000010)
    __rt_lib_shutdown_signal_1               0x08000257   Thumb Code     0  libshutdown2.o(.ARM.Collect$$libshutdown$$0000000A)
    __rt_lib_shutdown_stdio_1                0x08000257   Thumb Code     0  libshutdown2.o(.ARM.Collect$$libshutdown$$00000004)
    __rt_lib_shutdown_user_alloc_1           0x08000257   Thumb Code     0  libshutdown2.o(.ARM.Collect$$libshutdown$$0000000C)
    __rt_entry                               0x08000259   Thumb Code     0  __rtentry.o(.ARM.Collect$$rtentry$$00000000)
    __rt_entry_presh_1                       0x08000259   Thumb Code     0  __rtentry2.o(.ARM.Collect$$rtentry$$00000002)
    __rt_entry_sh                            0x08000259   Thumb Code     0  __rtentry4.o(.ARM.Collect$$rtentry$$00000004)
    __rt_entry_li                            0x0800025f   Thumb Code     0  __rtentry2.o(.ARM.Collect$$rtentry$$0000000A)
    __rt_entry_postsh_1                      0x0800025f   Thumb Code     0  __rtentry2.o(.ARM.Collect$$rtentry$$00000009)
    __rt_entry_main                          0x08000263   Thumb Code     0  __rtentry2.o(.ARM.Collect$$rtentry$$0000000D)
    __rt_entry_postli_1                      0x08000263   Thumb Code     0  __rtentry2.o(.ARM.Collect$$rtentry$$0000000C)
    __rt_exit                                0x0800026b   Thumb Code     0  rtexit.o(.ARM.Collect$$rtexit$$00000000)
    __rt_exit_ls                             0x0800026d   Thumb Code     0  rtexit2.o(.ARM.Collect$$rtexit$$00000003)
    __rt_exit_prels_1                        0x0800026d   Thumb Code     0  rtexit2.o(.ARM.Collect$$rtexit$$00000002)
    __rt_exit_exit                           0x08000271   Thumb Code     0  rtexit2.o(.ARM.Collect$$rtexit$$00000004)
    RTC_kur                                  0x08000279   Thumb Code   136  main.o(.text)
    TIM2_IRQHandler                          0x08000301   Thumb Code    32  main.o(.text)
    INT_TIM_Config                           0x08000321   Thumb Code    86  main.o(.text)
    Touch_Test                               0x08000377   Thumb Code   122  main.o(.text)
    main                                     0x080003f1   Thumb Code   590  main.o(.text)
    DrawTestPage                             0x0800063f   Thumb Code   308  main.o(.text)
    Test_FillRec                             0x08000773   Thumb Code   392  main.o(.text)
    GUI_DrawPoint                            0x08000911   Thumb Code    24  gui.o(.text)
    LCD_Fill                                 0x08000929   Thumb Code   110  gui.o(.text)
    LCD_DrawLine                             0x08000997   Thumb Code   176  gui.o(.text)
    LCD_DrawRectangle                        0x08000a47   Thumb Code    64  gui.o(.text)
    LCD_DrawFillRectangle                    0x08000a87   Thumb Code    30  gui.o(.text)
    _draw_circle_8                           0x08000aa5   Thumb Code   132  gui.o(.text)
    gui_circle                               0x08000b29   Thumb Code   154  gui.o(.text)
    Draw_Triangel                            0x08000bc3   Thumb Code    56  gui.o(.text)
    Fill_Triangel                            0x08000c05   Thumb Code   532  gui.o(.text)
    LCD_Show_2412_char                       0x08000e19   Thumb Code   270  gui.o(.text)
    LCD_Show_3216_char                       0x08000f27   Thumb Code   254  gui.o(.text)
    LCD_Show_4824_char                       0x08001025   Thumb Code   312  gui.o(.text)
    LCD_ShowChar                             0x0800115d   Thumb Code   298  gui.o(.text)
    LCD_ShowString2412                       0x08001287   Thumb Code    84  gui.o(.text)
    LCD_ShowString3216                       0x080012db   Thumb Code    84  gui.o(.text)
    LCD_ShowString4824                       0x0800132f   Thumb Code    84  gui.o(.text)
    LCD_ShowString                           0x08001383   Thumb Code    94  gui.o(.text)
    mypow                                    0x080013e1   Thumb Code    22  gui.o(.text)
    LCD_ShowNum2412                          0x080013f7   Thumb Code   144  gui.o(.text)
    LCD_ShowNum3216                          0x08001487   Thumb Code   144  gui.o(.text)
    LCD_ShowNum4824                          0x08001517   Thumb Code   166  gui.o(.text)
    Show_Str                                 0x080015bd   Thumb Code   166  gui.o(.text)
    Show_Str4824                             0x08001663   Thumb Code   128  gui.o(.text)
    Show_Str3216                             0x080016e3   Thumb Code   128  gui.o(.text)
    Show_Str2412                             0x08001763   Thumb Code   128  gui.o(.text)
    Gui_StrCenter                            0x080017e3   Thumb Code    60  gui.o(.text)
    Gui_StrCenter3216                        0x0800181f   Thumb Code    60  gui.o(.text)
    Gui_Drawbmp16                            0x0800185b   Thumb Code    90  gui.o(.text)
    Gui_Drawbmp40                            0x080018b5   Thumb Code    90  gui.o(.text)
    Gui_Drawbmp48                            0x0800190f   Thumb Code    90  gui.o(.text)
    Gui_Drawbmp                              0x08001969   Thumb Code    80  gui.o(.text)
    NMI_Handler                              0x080019bd   Thumb Code     2  stm32f4xx_it.o(.text)
    HardFault_Handler                        0x080019bf   Thumb Code     4  stm32f4xx_it.o(.text)
    MemManage_Handler                        0x080019c3   Thumb Code     4  stm32f4xx_it.o(.text)
    BusFault_Handler                         0x080019c7   Thumb Code     4  stm32f4xx_it.o(.text)
    UsageFault_Handler                       0x080019cb   Thumb Code     4  stm32f4xx_it.o(.text)
    SVC_Handler                              0x080019cf   Thumb Code     2  stm32f4xx_it.o(.text)
    DebugMon_Handler                         0x080019d1   Thumb Code     2  stm32f4xx_it.o(.text)
    PendSV_Handler                           0x080019d3   Thumb Code     2  stm32f4xx_it.o(.text)
    SysTick_Handler                          0x080019d5   Thumb Code     2  stm32f4xx_it.o(.text)
    SystemInit                               0x08001ab5   Thumb Code    88  system_stm32f4xx.o(.text)
    SystemCoreClockUpdate                    0x08001b0d   Thumb Code   174  system_stm32f4xx.o(.text)
    LCD_WR_REG                               0x08001be9   Thumb Code    32  lcd.o(.text)
    LCD_DisplayOn                            0x08001c09   Thumb Code    10  lcd.o(.text)
    LCD_DisplayOff                           0x08001c13   Thumb Code    10  lcd.o(.text)
    LCD_WR_DATA                              0x08001c1d   Thumb Code    34  lcd.o(.text)
    LCD_Backlight                            0x08001c3f   Thumb Code    24  lcd.o(.text)
    LCD_WriteReg                             0x08001c57   Thumb Code    20  lcd.o(.text)
    LCD_WriteRAM_Prepare                     0x08001c6b   Thumb Code    12  lcd.o(.text)
    Lcd_WriteData_16Bit                      0x08001c77   Thumb Code    42  lcd.o(.text)
    Lcd_WriteData_16Bitgg                    0x08001ca1   Thumb Code    34  lcd.o(.text)
    LCD_SetWindows                           0x08001cc3   Thumb Code    84  lcd.o(.text)
    LCD_SetCursor                            0x08001d17   Thumb Code    20  lcd.o(.text)
    LCD_DrawPoint                            0x08001d2b   Thumb Code    24  lcd.o(.text)
    LCD_Clear                                0x08001d43   Thumb Code    84  lcd.o(.text)
    LCD_GPIOInit                             0x08001d97   Thumb Code    50  lcd.o(.text)
    LCD_RESET                                0x08001dc9   Thumb Code    32  lcd.o(.text)
    LCD_direction                            0x08001de9   Thumb Code   128  lcd.o(.text)
    LCD_Init                                 0x08001e69   Thumb Code   612  lcd.o(.text)
    SPI_WriteByte                            0x080020d1   Thumb Code    34  spi.o(.text)
    SPI_SetSpeed                             0x080020f3   Thumb Code    38  spi.o(.text)
    SPI1_Init                                0x08002119   Thumb Code   172  spi.o(.text)
    AT24CXX_Init                             0x080021cd   Thumb Code     8  24cxx.o(.text)
    AT24CXX_ReadOneByte                      0x080021d5   Thumb Code    88  24cxx.o(.text)
    AT24CXX_WriteOneByte                     0x0800222d   Thumb Code    80  24cxx.o(.text)
    AT24CXX_WriteLenByte                     0x0800227d   Thumb Code    42  24cxx.o(.text)
    AT24CXX_ReadLenByte                      0x080022a7   Thumb Code    44  24cxx.o(.text)
    AT24CXX_Check                            0x080022d3   Thumb Code    46  24cxx.o(.text)
    AT24CXX_Read                             0x08002301   Thumb Code    34  24cxx.o(.text)
    AT24CXX_Write                            0x08002323   Thumb Code    36  24cxx.o(.text)
    IIC_Init                                 0x08002349   Thumb Code    62  myiic.o(.text)
    IIC_Start                                0x08002387   Thumb Code    68  myiic.o(.text)
    IIC_Stop                                 0x080023cb   Thumb Code    62  myiic.o(.text)
    IIC_Wait_Ack                             0x08002409   Thumb Code    82  myiic.o(.text)
    IIC_Ack                                  0x0800245b   Thumb Code    66  myiic.o(.text)
    IIC_NAck                                 0x0800249d   Thumb Code    66  myiic.o(.text)
    IIC_Send_Byte                            0x080024df   Thumb Code    90  myiic.o(.text)
    IIC_Read_Byte                            0x08002539   Thumb Code    94  myiic.o(.text)
    KEY_Init                                 0x080025a5   Thumb Code    60  key.o(.text)
    KEY_Scan                                 0x080025e1   Thumb Code   188  key.o(.text)
    LED_Init                                 0x080026a9   Thumb Code    50  led.o(.text)
    TP_Write_Byte                            0x080026e1   Thumb Code    64  touch.o(.text)
    TP_Read_AD                               0x08002721   Thumb Code   136  touch.o(.text)
    TP_Read_XOY                              0x080027a9   Thumb Code   120  touch.o(.text)
    TP_Read_XY                               0x08002821   Thumb Code    38  touch.o(.text)
    TP_Read_XY2                              0x08002847   Thumb Code   192  touch.o(.text)
    TP_Drow_Touch_Point                      0x08002907   Thumb Code   116  touch.o(.text)
    TP_Draw_Big_Point                        0x0800297b   Thumb Code    54  touch.o(.text)
    TP_Scan                                  0x080029b1   Thumb Code   226  touch.o(.text)
    TP_Save_Adjdata                          0x08002a93   Thumb Code   164  touch.o(.text)
    TP_Get_Adjdata                           0x08002b37   Thumb Code   160  touch.o(.text)
    TP_Adj_Info_Show                         0x08002bd7   Thumb Code   172  touch.o(.text)
    TP_Adjust                                0x08002c83   Thumb Code  2174  touch.o(.text)
    TP_Init                                  0x08003501   Thumb Code   144  touch.o(.text)
    delay_init                               0x080035d9   Thumb Code    52  delay.o(.text)
    delay_us                                 0x0800360d   Thumb Code    72  delay.o(.text)
    delay_xms                                0x08003655   Thumb Code    72  delay.o(.text)
    delay_ms                                 0x0800369d   Thumb Code    56  delay.o(.text)
    Reset_Handler                            0x080036dd   Thumb Code     8  startup_stm32f40_41xxx.o(.text)
    ADC_IRQHandler                           0x080036f7   Thumb Code     0  startup_stm32f40_41xxx.o(.text)
    CAN1_RX0_IRQHandler                      0x080036f7   Thumb Code     0  startup_stm32f40_41xxx.o(.text)
    CAN1_RX1_IRQHandler                      0x080036f7   Thumb Code     0  startup_stm32f40_41xxx.o(.text)
    CAN1_SCE_IRQHandler                      0x080036f7   Thumb Code     0  startup_stm32f40_41xxx.o(.text)
    CAN1_TX_IRQHandler                       0x080036f7   Thumb Code     0  startup_stm32f40_41xxx.o(.text)
    CAN2_RX0_IRQHandler                      0x080036f7   Thumb Code     0  startup_stm32f40_41xxx.o(.text)
    CAN2_RX1_IRQHandler                      0x080036f7   Thumb Code     0  startup_stm32f40_41xxx.o(.text)
    CAN2_SCE_IRQHandler                      0x080036f7   Thumb Code     0  startup_stm32f40_41xxx.o(.text)
    CAN2_TX_IRQHandler                       0x080036f7   Thumb Code     0  startup_stm32f40_41xxx.o(.text)
    CRYP_IRQHandler                          0x080036f7   Thumb Code     0  startup_stm32f40_41xxx.o(.text)
    DCMI_IRQHandler                          0x080036f7   Thumb Code     0  startup_stm32f40_41xxx.o(.text)
    DMA1_Stream0_IRQHandler                  0x080036f7   Thumb Code     0  startup_stm32f40_41xxx.o(.text)
    DMA1_Stream1_IRQHandler                  0x080036f7   Thumb Code     0  startup_stm32f40_41xxx.o(.text)
    DMA1_Stream2_IRQHandler                  0x080036f7   Thumb Code     0  startup_stm32f40_41xxx.o(.text)
    DMA1_Stream3_IRQHandler                  0x080036f7   Thumb Code     0  startup_stm32f40_41xxx.o(.text)
    DMA1_Stream4_IRQHandler                  0x080036f7   Thumb Code     0  startup_stm32f40_41xxx.o(.text)
    DMA1_Stream5_IRQHandler                  0x080036f7   Thumb Code     0  startup_stm32f40_41xxx.o(.text)
    DMA1_Stream6_IRQHandler                  0x080036f7   Thumb Code     0  startup_stm32f40_41xxx.o(.text)
    DMA1_Stream7_IRQHandler                  0x080036f7   Thumb Code     0  startup_stm32f40_41xxx.o(.text)
    DMA2_Stream0_IRQHandler                  0x080036f7   Thumb Code     0  startup_stm32f40_41xxx.o(.text)
    DMA2_Stream1_IRQHandler                  0x080036f7   Thumb Code     0  startup_stm32f40_41xxx.o(.text)
    DMA2_Stream2_IRQHandler                  0x080036f7   Thumb Code     0  startup_stm32f40_41xxx.o(.text)
    DMA2_Stream3_IRQHandler                  0x080036f7   Thumb Code     0  startup_stm32f40_41xxx.o(.text)
    DMA2_Stream4_IRQHandler                  0x080036f7   Thumb Code     0  startup_stm32f40_41xxx.o(.text)
    DMA2_Stream5_IRQHandler                  0x080036f7   Thumb Code     0  startup_stm32f40_41xxx.o(.text)
    DMA2_Stream6_IRQHandler                  0x080036f7   Thumb Code     0  startup_stm32f40_41xxx.o(.text)
    DMA2_Stream7_IRQHandler                  0x080036f7   Thumb Code     0  startup_stm32f40_41xxx.o(.text)
    ETH_IRQHandler                           0x080036f7   Thumb Code     0  startup_stm32f40_41xxx.o(.text)
    ETH_WKUP_IRQHandler                      0x080036f7   Thumb Code     0  startup_stm32f40_41xxx.o(.text)
    EXTI0_IRQHandler                         0x080036f7   Thumb Code     0  startup_stm32f40_41xxx.o(.text)
    EXTI15_10_IRQHandler                     0x080036f7   Thumb Code     0  startup_stm32f40_41xxx.o(.text)
    EXTI1_IRQHandler                         0x080036f7   Thumb Code     0  startup_stm32f40_41xxx.o(.text)
    EXTI2_IRQHandler                         0x080036f7   Thumb Code     0  startup_stm32f40_41xxx.o(.text)
    EXTI3_IRQHandler                         0x080036f7   Thumb Code     0  startup_stm32f40_41xxx.o(.text)
    EXTI4_IRQHandler                         0x080036f7   Thumb Code     0  startup_stm32f40_41xxx.o(.text)
    EXTI9_5_IRQHandler                       0x080036f7   Thumb Code     0  startup_stm32f40_41xxx.o(.text)
    FLASH_IRQHandler                         0x080036f7   Thumb Code     0  startup_stm32f40_41xxx.o(.text)
    FPU_IRQHandler                           0x080036f7   Thumb Code     0  startup_stm32f40_41xxx.o(.text)
    FSMC_IRQHandler                          0x080036f7   Thumb Code     0  startup_stm32f40_41xxx.o(.text)
    HASH_RNG_IRQHandler                      0x080036f7   Thumb Code     0  startup_stm32f40_41xxx.o(.text)
    I2C1_ER_IRQHandler                       0x080036f7   Thumb Code     0  startup_stm32f40_41xxx.o(.text)
    I2C1_EV_IRQHandler                       0x080036f7   Thumb Code     0  startup_stm32f40_41xxx.o(.text)
    I2C2_ER_IRQHandler                       0x080036f7   Thumb Code     0  startup_stm32f40_41xxx.o(.text)
    I2C2_EV_IRQHandler                       0x080036f7   Thumb Code     0  startup_stm32f40_41xxx.o(.text)
    I2C3_ER_IRQHandler                       0x080036f7   Thumb Code     0  startup_stm32f40_41xxx.o(.text)
    I2C3_EV_IRQHandler                       0x080036f7   Thumb Code     0  startup_stm32f40_41xxx.o(.text)
    OTG_FS_IRQHandler                        0x080036f7   Thumb Code     0  startup_stm32f40_41xxx.o(.text)
    OTG_FS_WKUP_IRQHandler                   0x080036f7   Thumb Code     0  startup_stm32f40_41xxx.o(.text)
    OTG_HS_EP1_IN_IRQHandler                 0x080036f7   Thumb Code     0  startup_stm32f40_41xxx.o(.text)
    OTG_HS_EP1_OUT_IRQHandler                0x080036f7   Thumb Code     0  startup_stm32f40_41xxx.o(.text)
    OTG_HS_IRQHandler                        0x080036f7   Thumb Code     0  startup_stm32f40_41xxx.o(.text)
    OTG_HS_WKUP_IRQHandler                   0x080036f7   Thumb Code     0  startup_stm32f40_41xxx.o(.text)
    PVD_IRQHandler                           0x080036f7   Thumb Code     0  startup_stm32f40_41xxx.o(.text)
    RCC_IRQHandler                           0x080036f7   Thumb Code     0  startup_stm32f40_41xxx.o(.text)
    RTC_Alarm_IRQHandler                     0x080036f7   Thumb Code     0  startup_stm32f40_41xxx.o(.text)
    RTC_WKUP_IRQHandler                      0x080036f7   Thumb Code     0  startup_stm32f40_41xxx.o(.text)
    SDIO_IRQHandler                          0x080036f7   Thumb Code     0  startup_stm32f40_41xxx.o(.text)
    SPI1_IRQHandler                          0x080036f7   Thumb Code     0  startup_stm32f40_41xxx.o(.text)
    SPI2_IRQHandler                          0x080036f7   Thumb Code     0  startup_stm32f40_41xxx.o(.text)
    SPI3_IRQHandler                          0x080036f7   Thumb Code     0  startup_stm32f40_41xxx.o(.text)
    TAMP_STAMP_IRQHandler                    0x080036f7   Thumb Code     0  startup_stm32f40_41xxx.o(.text)
    TIM1_BRK_TIM9_IRQHandler                 0x080036f7   Thumb Code     0  startup_stm32f40_41xxx.o(.text)
    TIM1_CC_IRQHandler                       0x080036f7   Thumb Code     0  startup_stm32f40_41xxx.o(.text)
    TIM1_TRG_COM_TIM11_IRQHandler            0x080036f7   Thumb Code     0  startup_stm32f40_41xxx.o(.text)
    TIM1_UP_TIM10_IRQHandler                 0x080036f7   Thumb Code     0  startup_stm32f40_41xxx.o(.text)
    TIM3_IRQHandler                          0x080036f7   Thumb Code     0  startup_stm32f40_41xxx.o(.text)
    TIM4_IRQHandler                          0x080036f7   Thumb Code     0  startup_stm32f40_41xxx.o(.text)
    TIM5_IRQHandler                          0x080036f7   Thumb Code     0  startup_stm32f40_41xxx.o(.text)
    TIM6_DAC_IRQHandler                      0x080036f7   Thumb Code     0  startup_stm32f40_41xxx.o(.text)
    TIM7_IRQHandler                          0x080036f7   Thumb Code     0  startup_stm32f40_41xxx.o(.text)
    TIM8_BRK_TIM12_IRQHandler                0x080036f7   Thumb Code     0  startup_stm32f40_41xxx.o(.text)
    TIM8_CC_IRQHandler                       0x080036f7   Thumb Code     0  startup_stm32f40_41xxx.o(.text)
    TIM8_TRG_COM_TIM14_IRQHandler            0x080036f7   Thumb Code     0  startup_stm32f40_41xxx.o(.text)
    TIM8_UP_TIM13_IRQHandler                 0x080036f7   Thumb Code     0  startup_stm32f40_41xxx.o(.text)
    UART4_IRQHandler                         0x080036f7   Thumb Code     0  startup_stm32f40_41xxx.o(.text)
    UART5_IRQHandler                         0x080036f7   Thumb Code     0  startup_stm32f40_41xxx.o(.text)
    USART1_IRQHandler                        0x080036f7   Thumb Code     0  startup_stm32f40_41xxx.o(.text)
    USART2_IRQHandler                        0x080036f7   Thumb Code     0  startup_stm32f40_41xxx.o(.text)
    USART3_IRQHandler                        0x080036f7   Thumb Code     0  startup_stm32f40_41xxx.o(.text)
    USART6_IRQHandler                        0x080036f7   Thumb Code     0  startup_stm32f40_41xxx.o(.text)
    WWDG_IRQHandler                          0x080036f7   Thumb Code     0  startup_stm32f40_41xxx.o(.text)
    __user_initial_stackheap                 0x080036f9   Thumb Code     0  startup_stm32f40_41xxx.o(.text)
    NVIC_PriorityGroupConfig                 0x0800371d   Thumb Code    10  misc.o(.text)
    NVIC_Init                                0x08003727   Thumb Code   106  misc.o(.text)
    NVIC_SetVectorTable                      0x08003791   Thumb Code    14  misc.o(.text)
    NVIC_SystemLPConfig                      0x0800379f   Thumb Code    34  misc.o(.text)
    SysTick_CLKSourceConfig                  0x080037c1   Thumb Code    40  misc.o(.text)
    GPIO_DeInit                              0x080037fd   Thumb Code   268  stm32f4xx_gpio.o(.text)
    GPIO_Init                                0x08003909   Thumb Code   144  stm32f4xx_gpio.o(.text)
    GPIO_StructInit                          0x08003999   Thumb Code    18  stm32f4xx_gpio.o(.text)
    GPIO_PinLockConfig                       0x080039ab   Thumb Code    34  stm32f4xx_gpio.o(.text)
    GPIO_ReadInputDataBit                    0x080039cd   Thumb Code    18  stm32f4xx_gpio.o(.text)
    GPIO_ReadInputData                       0x080039df   Thumb Code     8  stm32f4xx_gpio.o(.text)
    GPIO_ReadOutputDataBit                   0x080039e7   Thumb Code    18  stm32f4xx_gpio.o(.text)
    GPIO_ReadOutputData                      0x080039f9   Thumb Code     8  stm32f4xx_gpio.o(.text)
    GPIO_SetBits                             0x08003a01   Thumb Code     4  stm32f4xx_gpio.o(.text)
    GPIO_ResetBits                           0x08003a05   Thumb Code     4  stm32f4xx_gpio.o(.text)
    GPIO_WriteBit                            0x08003a09   Thumb Code    10  stm32f4xx_gpio.o(.text)
    GPIO_Write                               0x08003a13   Thumb Code     4  stm32f4xx_gpio.o(.text)
    GPIO_ToggleBits                          0x08003a17   Thumb Code     8  stm32f4xx_gpio.o(.text)
    GPIO_PinAFConfig                         0x08003a1f   Thumb Code    70  stm32f4xx_gpio.o(.text)
    RCC_DeInit                               0x08003a91   Thumb Code    82  stm32f4xx_rcc.o(.text)
    RCC_HSEConfig                            0x08003ae3   Thumb Code    14  stm32f4xx_rcc.o(.text)
    RCC_GetFlagStatus                        0x08003af1   Thumb Code    60  stm32f4xx_rcc.o(.text)
    RCC_WaitForHSEStartUp                    0x08003b2d   Thumb Code    56  stm32f4xx_rcc.o(.text)
    RCC_AdjustHSICalibrationValue            0x08003b65   Thumb Code    20  stm32f4xx_rcc.o(.text)
    RCC_HSICmd                               0x08003b79   Thumb Code     6  stm32f4xx_rcc.o(.text)
    RCC_LSEConfig                            0x08003b7f   Thumb Code    46  stm32f4xx_rcc.o(.text)
    RCC_LSICmd                               0x08003bad   Thumb Code     6  stm32f4xx_rcc.o(.text)
    RCC_PLLConfig                            0x08003bb3   Thumb Code    32  stm32f4xx_rcc.o(.text)
    RCC_PLLCmd                               0x08003bd3   Thumb Code     6  stm32f4xx_rcc.o(.text)
    RCC_PLLI2SConfig                         0x08003bd9   Thumb Code    14  stm32f4xx_rcc.o(.text)
    RCC_PLLI2SCmd                            0x08003be7   Thumb Code     6  stm32f4xx_rcc.o(.text)
    RCC_PLLSAIConfig                         0x08003bed   Thumb Code    20  stm32f4xx_rcc.o(.text)
    RCC_PLLSAICmd                            0x08003c01   Thumb Code     6  stm32f4xx_rcc.o(.text)
    RCC_ClockSecuritySystemCmd               0x08003c07   Thumb Code     6  stm32f4xx_rcc.o(.text)
    RCC_MCO1Config                           0x08003c0d   Thumb Code    28  stm32f4xx_rcc.o(.text)
    RCC_MCO2Config                           0x08003c29   Thumb Code    28  stm32f4xx_rcc.o(.text)
    RCC_SYSCLKConfig                         0x08003c45   Thumb Code    20  stm32f4xx_rcc.o(.text)
    RCC_GetSYSCLKSource                      0x08003c59   Thumb Code    12  stm32f4xx_rcc.o(.text)
    RCC_HCLKConfig                           0x08003c65   Thumb Code    20  stm32f4xx_rcc.o(.text)
    RCC_PCLK1Config                          0x08003c79   Thumb Code    20  stm32f4xx_rcc.o(.text)
    RCC_PCLK2Config                          0x08003c8d   Thumb Code    22  stm32f4xx_rcc.o(.text)
    RCC_GetClocksFreq                        0x08003ca3   Thumb Code   222  stm32f4xx_rcc.o(.text)
    RCC_RTCCLKConfig                         0x08003d81   Thumb Code    54  stm32f4xx_rcc.o(.text)
    RCC_RTCCLKCmd                            0x08003db7   Thumb Code     8  stm32f4xx_rcc.o(.text)
    RCC_BackupResetCmd                       0x08003dbf   Thumb Code     8  stm32f4xx_rcc.o(.text)
    RCC_I2SCLKConfig                         0x08003dc7   Thumb Code     6  stm32f4xx_rcc.o(.text)
    RCC_SAIPLLI2SClkDivConfig                0x08003dcd   Thumb Code    26  stm32f4xx_rcc.o(.text)
    RCC_SAIPLLSAIClkDivConfig                0x08003de7   Thumb Code    28  stm32f4xx_rcc.o(.text)
    RCC_SAIBlockACLKConfig                   0x08003e03   Thumb Code    20  stm32f4xx_rcc.o(.text)
    RCC_SAIBlockBCLKConfig                   0x08003e17   Thumb Code    20  stm32f4xx_rcc.o(.text)
    RCC_LTDCCLKDivConfig                     0x08003e2b   Thumb Code    20  stm32f4xx_rcc.o(.text)
    RCC_TIMCLKPresConfig                     0x08003e3f   Thumb Code     6  stm32f4xx_rcc.o(.text)
    RCC_AHB1PeriphClockCmd                   0x08003e45   Thumb Code    34  stm32f4xx_rcc.o(.text)
    RCC_AHB2PeriphClockCmd                   0x08003e67   Thumb Code    78  stm32f4xx_rcc.o(.text)
    RCC_AHB3PeriphClockCmd                   0x08003eb5   Thumb Code    34  stm32f4xx_rcc.o(.text)
    RCC_APB1PeriphClockCmd                   0x08003ed7   Thumb Code    34  stm32f4xx_rcc.o(.text)
    RCC_APB2PeriphClockCmd                   0x08003ef9   Thumb Code    34  stm32f4xx_rcc.o(.text)
    RCC_AHB1PeriphResetCmd                   0x08003f1b   Thumb Code    34  stm32f4xx_rcc.o(.text)
    RCC_AHB2PeriphResetCmd                   0x08003f3d   Thumb Code    34  stm32f4xx_rcc.o(.text)
    RCC_AHB3PeriphResetCmd                   0x08003f5f   Thumb Code    34  stm32f4xx_rcc.o(.text)
    RCC_APB1PeriphResetCmd                   0x08003f81   Thumb Code    34  stm32f4xx_rcc.o(.text)
    RCC_APB2PeriphResetCmd                   0x08003fa3   Thumb Code    34  stm32f4xx_rcc.o(.text)
    RCC_AHB1PeriphClockLPModeCmd             0x08003fc5   Thumb Code    34  stm32f4xx_rcc.o(.text)
    RCC_AHB2PeriphClockLPModeCmd             0x08003fe7   Thumb Code    34  stm32f4xx_rcc.o(.text)
    RCC_AHB3PeriphClockLPModeCmd             0x08004009   Thumb Code    34  stm32f4xx_rcc.o(.text)
    RCC_APB1PeriphClockLPModeCmd             0x0800402b   Thumb Code    34  stm32f4xx_rcc.o(.text)
    RCC_APB2PeriphClockLPModeCmd             0x0800404d   Thumb Code    34  stm32f4xx_rcc.o(.text)
    RCC_LSEModeConfig                        0x0800406f   Thumb Code    40  stm32f4xx_rcc.o(.text)
    RCC_ITConfig                             0x08004097   Thumb Code    34  stm32f4xx_rcc.o(.text)
    RCC_ClearFlag                            0x080040b9   Thumb Code    18  stm32f4xx_rcc.o(.text)
    RCC_GetITStatus                          0x080040cb   Thumb Code    22  stm32f4xx_rcc.o(.text)
    RCC_ClearITPendingBit                    0x080040e1   Thumb Code     8  stm32f4xx_rcc.o(.text)
    SPI_I2S_DeInit                           0x080040ed   Thumb Code   152  stm32f4xx_spi.o(.text)
    SPI_Init                                 0x08004185   Thumb Code    60  stm32f4xx_spi.o(.text)
    I2S_Init                                 0x080041c1   Thumb Code   396  stm32f4xx_spi.o(.text)
    SPI_StructInit                           0x0800434d   Thumb Code    24  stm32f4xx_spi.o(.text)
    I2S_StructInit                           0x08004365   Thumb Code    20  stm32f4xx_spi.o(.text)
    SPI_Cmd                                  0x08004379   Thumb Code    24  stm32f4xx_spi.o(.text)
    I2S_Cmd                                  0x08004391   Thumb Code    24  stm32f4xx_spi.o(.text)
    SPI_DataSizeConfig                       0x080043a9   Thumb Code    18  stm32f4xx_spi.o(.text)
    SPI_BiDirectionalLineConfig              0x080043bb   Thumb Code    28  stm32f4xx_spi.o(.text)
    SPI_NSSInternalSoftwareConfig            0x080043d7   Thumb Code    30  stm32f4xx_spi.o(.text)
    SPI_SSOutputCmd                          0x080043f5   Thumb Code    24  stm32f4xx_spi.o(.text)
    SPI_TIModeCmd                            0x0800440d   Thumb Code    24  stm32f4xx_spi.o(.text)
    I2S_FullDuplexConfig                     0x08004425   Thumb Code    80  stm32f4xx_spi.o(.text)
    SPI_I2S_ReceiveData                      0x08004475   Thumb Code     6  stm32f4xx_spi.o(.text)
    SPI_I2S_SendData                         0x0800447b   Thumb Code     4  stm32f4xx_spi.o(.text)
    SPI_CalculateCRC                         0x0800447f   Thumb Code    24  stm32f4xx_spi.o(.text)
    SPI_TransmitCRC                          0x08004497   Thumb Code    10  stm32f4xx_spi.o(.text)
    SPI_GetCRC                               0x080044a1   Thumb Code    16  stm32f4xx_spi.o(.text)
    SPI_GetCRCPolynomial                     0x080044b1   Thumb Code     6  stm32f4xx_spi.o(.text)
    SPI_I2S_DMACmd                           0x080044b7   Thumb Code    18  stm32f4xx_spi.o(.text)
    SPI_I2S_ITConfig                         0x080044c9   Thumb Code    68  stm32f4xx_spi.o(.text)
    SPI_I2S_GetFlagStatus                    0x0800450d   Thumb Code    18  stm32f4xx_spi.o(.text)
    SPI_I2S_ClearFlag                        0x0800451f   Thumb Code     6  stm32f4xx_spi.o(.text)
    SPI_I2S_GetITStatus                      0x08004525   Thumb Code    52  stm32f4xx_spi.o(.text)
    SPI_I2S_ClearITPendingBit                0x08004559   Thumb Code    20  stm32f4xx_spi.o(.text)
    RTC_WaitForSynchro                       0x0800456d   Thumb Code    92  stm32f4xx_rtc.o(.text)
    RTC_EnterInitMode                        0x080045c9   Thumb Code    84  stm32f4xx_rtc.o(.text)
    RTC_DeInit                               0x0800461d   Thumb Code   204  stm32f4xx_rtc.o(.text)
    RTC_ExitInitMode                         0x080046e9   Thumb Code    18  stm32f4xx_rtc.o(.text)
    RTC_Init                                 0x080046fb   Thumb Code    94  stm32f4xx_rtc.o(.text)
    RTC_StructInit                           0x08004759   Thumb Code    14  stm32f4xx_rtc.o(.text)
    RTC_WriteProtectionCmd                   0x08004767   Thumb Code    22  stm32f4xx_rtc.o(.text)
    RTC_RefClockCmd                          0x0800477d   Thumb Code    76  stm32f4xx_rtc.o(.text)
    RTC_BypassShadowCmd                      0x080047c9   Thumb Code    54  stm32f4xx_rtc.o(.text)
    RTC_SetTime                              0x08004831   Thumb Code   200  stm32f4xx_rtc.o(.text)
    RTC_TimeStructInit                       0x080048f9   Thumb Code    12  stm32f4xx_rtc.o(.text)
    RTC_GetTime                              0x08004905   Thumb Code    74  stm32f4xx_rtc.o(.text)
    RTC_GetSubSecond                         0x0800494f   Thumb Code    30  stm32f4xx_rtc.o(.text)
    RTC_SetDate                              0x0800496d   Thumb Code   190  stm32f4xx_rtc.o(.text)
    RTC_DateStructInit                       0x08004a2b   Thumb Code    14  stm32f4xx_rtc.o(.text)
    RTC_GetDate                              0x08004a39   Thumb Code    70  stm32f4xx_rtc.o(.text)
    RTC_SetAlarm                             0x08004a7f   Thumb Code   230  stm32f4xx_rtc.o(.text)
    RTC_AlarmStructInit                      0x08004b65   Thumb Code    22  stm32f4xx_rtc.o(.text)
    RTC_GetAlarm                             0x08004b7b   Thumb Code   114  stm32f4xx_rtc.o(.text)
    RTC_AlarmCmd                             0x08004bed   Thumb Code   112  stm32f4xx_rtc.o(.text)
    RTC_AlarmSubSecondConfig                 0x08004c5d   Thumb Code    46  stm32f4xx_rtc.o(.text)
    RTC_GetAlarmSubSecond                    0x08004c8b   Thumb Code    34  stm32f4xx_rtc.o(.text)
    RTC_WakeUpClockConfig                    0x08004cad   Thumb Code    42  stm32f4xx_rtc.o(.text)
    RTC_SetWakeUpCounter                     0x08004cd7   Thumb Code    22  stm32f4xx_rtc.o(.text)
    RTC_GetWakeUpCounter                     0x08004ced   Thumb Code    10  stm32f4xx_rtc.o(.text)
    RTC_WakeUpCmd                            0x08004cf7   Thumb Code   116  stm32f4xx_rtc.o(.text)
    RTC_DayLightSavingConfig                 0x08004d6b   Thumb Code    50  stm32f4xx_rtc.o(.text)
    RTC_GetStoreOperation                    0x08004d9d   Thumb Code    12  stm32f4xx_rtc.o(.text)
    RTC_OutputConfig                         0x08004da9   Thumb Code    60  stm32f4xx_rtc.o(.text)
    RTC_CoarseCalibConfig                    0x08004de5   Thumb Code    52  stm32f4xx_rtc.o(.text)
    RTC_CoarseCalibCmd                       0x08004e19   Thumb Code    76  stm32f4xx_rtc.o(.text)
    RTC_CalibOutputCmd                       0x08004e65   Thumb Code    54  stm32f4xx_rtc.o(.text)
    RTC_CalibOutputConfig                    0x08004e9b   Thumb Code    42  stm32f4xx_rtc.o(.text)
    RTC_SmoothCalibConfig                    0x08004ec5   Thumb Code    90  stm32f4xx_rtc.o(.text)
    RTC_TimeStampCmd                         0x08004f1f   Thumb Code    54  stm32f4xx_rtc.o(.text)
    RTC_GetTimeStamp                         0x08004f55   Thumb Code   144  stm32f4xx_rtc.o(.text)
    RTC_GetTimeStampSubSecond                0x08004fe5   Thumb Code     8  stm32f4xx_rtc.o(.text)
    RTC_TamperTriggerConfig                  0x08004fed   Thumb Code    38  stm32f4xx_rtc.o(.text)
    RTC_TamperCmd                            0x08005013   Thumb Code    34  stm32f4xx_rtc.o(.text)
    RTC_TamperFilterConfig                   0x08005035   Thumb Code    26  stm32f4xx_rtc.o(.text)
    RTC_TamperSamplingFreqConfig             0x0800504f   Thumb Code    26  stm32f4xx_rtc.o(.text)
    RTC_TamperPinsPrechargeDuration          0x08005069   Thumb Code    26  stm32f4xx_rtc.o(.text)
    RTC_TimeStampOnTamperDetectionCmd        0x08005083   Thumb Code    38  stm32f4xx_rtc.o(.text)
    RTC_TamperPullUpCmd                      0x080050a9   Thumb Code    38  stm32f4xx_rtc.o(.text)
    RTC_WriteBackupRegister                  0x080050cf   Thumb Code    26  stm32f4xx_rtc.o(.text)
    RTC_ReadBackupRegister                   0x080050e9   Thumb Code    28  stm32f4xx_rtc.o(.text)
    RTC_TamperPinSelection                   0x08005105   Thumb Code    26  stm32f4xx_rtc.o(.text)
    RTC_TimeStampPinSelection                0x0800511f   Thumb Code    26  stm32f4xx_rtc.o(.text)
    RTC_OutputTypeConfig                     0x08005139   Thumb Code    26  stm32f4xx_rtc.o(.text)
    RTC_SynchroShiftConfig                   0x08005153   Thumb Code   130  stm32f4xx_rtc.o(.text)
    RTC_ITConfig                             0x080051d5   Thumb Code    94  stm32f4xx_rtc.o(.text)
    RTC_GetFlagStatus                        0x08005233   Thumb Code    34  stm32f4xx_rtc.o(.text)
    RTC_ClearFlag                            0x08005255   Thumb Code    28  stm32f4xx_rtc.o(.text)
    RTC_GetITStatus                          0x08005271   Thumb Code    60  stm32f4xx_rtc.o(.text)
    RTC_ClearITPendingBit                    0x080052ad   Thumb Code    32  stm32f4xx_rtc.o(.text)
    PWR_DeInit                               0x080052d5   Thumb Code    22  stm32f4xx_pwr.o(.text)
    PWR_BackupAccessCmd                      0x080052eb   Thumb Code     6  stm32f4xx_pwr.o(.text)
    PWR_PVDLevelConfig                       0x080052f1   Thumb Code    18  stm32f4xx_pwr.o(.text)
    PWR_PVDCmd                               0x08005303   Thumb Code     6  stm32f4xx_pwr.o(.text)
    PWR_WakeUpPinCmd                         0x08005309   Thumb Code     8  stm32f4xx_pwr.o(.text)
    PWR_BackupRegulatorCmd                   0x08005311   Thumb Code     8  stm32f4xx_pwr.o(.text)
    PWR_MainRegulatorModeConfig              0x08005319   Thumb Code    18  stm32f4xx_pwr.o(.text)
    PWR_OverDriveCmd                         0x0800532b   Thumb Code     6  stm32f4xx_pwr.o(.text)
    PWR_OverDriveSWCmd                       0x08005331   Thumb Code     6  stm32f4xx_pwr.o(.text)
    PWR_UnderDriveCmd                        0x08005337   Thumb Code    30  stm32f4xx_pwr.o(.text)
    PWR_MainRegulatorLowVoltageCmd           0x08005355   Thumb Code    18  stm32f4xx_pwr.o(.text)
    PWR_LowRegulatorLowVoltageCmd            0x08005367   Thumb Code    18  stm32f4xx_pwr.o(.text)
    PWR_FlashPowerDownCmd                    0x08005379   Thumb Code     6  stm32f4xx_pwr.o(.text)
    PWR_EnterSTOPMode                        0x0800537f   Thumb Code    58  stm32f4xx_pwr.o(.text)
    PWR_EnterUnderDriveSTOPMode              0x080053b9   Thumb Code    58  stm32f4xx_pwr.o(.text)
    PWR_EnterSTANDBYMode                     0x080053f3   Thumb Code    32  stm32f4xx_pwr.o(.text)
    PWR_GetFlagStatus                        0x08005413   Thumb Code    20  stm32f4xx_pwr.o(.text)
    PWR_ClearFlag                            0x08005427   Thumb Code    14  stm32f4xx_pwr.o(.text)
    TIM_DeInit                               0x08005441   Thumb Code   346  stm32f4xx_tim.o(.text)
    TIM_TimeBaseInit                         0x0800559b   Thumb Code   104  stm32f4xx_tim.o(.text)
    TIM_TimeBaseStructInit                   0x08005603   Thumb Code    18  stm32f4xx_tim.o(.text)
    TIM_PrescalerConfig                      0x08005615   Thumb Code     6  stm32f4xx_tim.o(.text)
    TIM_CounterModeConfig                    0x0800561b   Thumb Code    18  stm32f4xx_tim.o(.text)
    TIM_SetCounter                           0x0800562d   Thumb Code     4  stm32f4xx_tim.o(.text)
    TIM_SetAutoreload                        0x08005631   Thumb Code     4  stm32f4xx_tim.o(.text)
    TIM_GetCounter                           0x08005635   Thumb Code     6  stm32f4xx_tim.o(.text)
    TIM_GetPrescaler                         0x0800563b   Thumb Code     6  stm32f4xx_tim.o(.text)
    TIM_UpdateDisableConfig                  0x08005641   Thumb Code    24  stm32f4xx_tim.o(.text)
    TIM_UpdateRequestConfig                  0x08005659   Thumb Code    24  stm32f4xx_tim.o(.text)
    TIM_ARRPreloadConfig                     0x08005671   Thumb Code    24  stm32f4xx_tim.o(.text)
    TIM_SelectOnePulseMode                   0x08005689   Thumb Code    18  stm32f4xx_tim.o(.text)
    TIM_SetClockDivision                     0x0800569b   Thumb Code    18  stm32f4xx_tim.o(.text)
    TIM_Cmd                                  0x080056ad   Thumb Code    24  stm32f4xx_tim.o(.text)
    TIM_OC1Init                              0x080056c5   Thumb Code   114  stm32f4xx_tim.o(.text)
    TIM_OC2Init                              0x08005737   Thumb Code   154  stm32f4xx_tim.o(.text)
    TIM_OC3Init                              0x080057d1   Thumb Code   204  stm32f4xx_tim.o(.text)
    TIM_OC4Init                              0x0800589d   Thumb Code   112  stm32f4xx_tim.o(.text)
    TIM_OCStructInit                         0x0800590d   Thumb Code    20  stm32f4xx_tim.o(.text)
    TIM_SelectOCxM                           0x08005921   Thumb Code    86  stm32f4xx_tim.o(.text)
    TIM_SetCompare1                          0x08005977   Thumb Code     4  stm32f4xx_tim.o(.text)
    TIM_SetCompare2                          0x0800597b   Thumb Code     4  stm32f4xx_tim.o(.text)
    TIM_SetCompare3                          0x0800597f   Thumb Code     4  stm32f4xx_tim.o(.text)
    TIM_SetCompare4                          0x08005983   Thumb Code     4  stm32f4xx_tim.o(.text)
    TIM_ForcedOC1Config                      0x08005987   Thumb Code    18  stm32f4xx_tim.o(.text)
    TIM_ForcedOC2Config                      0x08005999   Thumb Code    26  stm32f4xx_tim.o(.text)
    TIM_ForcedOC3Config                      0x080059b3   Thumb Code    18  stm32f4xx_tim.o(.text)
    TIM_ForcedOC4Config                      0x080059c5   Thumb Code    26  stm32f4xx_tim.o(.text)
    TIM_OC1PreloadConfig                     0x080059df   Thumb Code    18  stm32f4xx_tim.o(.text)
    TIM_OC2PreloadConfig                     0x080059f1   Thumb Code    26  stm32f4xx_tim.o(.text)
    TIM_OC3PreloadConfig                     0x08005a0b   Thumb Code    18  stm32f4xx_tim.o(.text)
    TIM_OC4PreloadConfig                     0x08005a1d   Thumb Code    26  stm32f4xx_tim.o(.text)
    TIM_OC1FastConfig                        0x08005a37   Thumb Code    18  stm32f4xx_tim.o(.text)
    TIM_OC2FastConfig                        0x08005a49   Thumb Code    26  stm32f4xx_tim.o(.text)
    TIM_OC3FastConfig                        0x08005a63   Thumb Code    18  stm32f4xx_tim.o(.text)
    TIM_OC4FastConfig                        0x08005a75   Thumb Code    26  stm32f4xx_tim.o(.text)
    TIM_ClearOC1Ref                          0x08005a8f   Thumb Code    18  stm32f4xx_tim.o(.text)
    TIM_ClearOC2Ref                          0x08005aa1   Thumb Code    24  stm32f4xx_tim.o(.text)
    TIM_ClearOC3Ref                          0x08005ab9   Thumb Code    18  stm32f4xx_tim.o(.text)
    TIM_ClearOC4Ref                          0x08005acb   Thumb Code    24  stm32f4xx_tim.o(.text)
    TIM_OC1PolarityConfig                    0x08005ae3   Thumb Code    18  stm32f4xx_tim.o(.text)
    TIM_OC1NPolarityConfig                   0x08005af5   Thumb Code    18  stm32f4xx_tim.o(.text)
    TIM_OC2PolarityConfig                    0x08005b07   Thumb Code    26  stm32f4xx_tim.o(.text)
    TIM_OC2NPolarityConfig                   0x08005b21   Thumb Code    26  stm32f4xx_tim.o(.text)
    TIM_OC3PolarityConfig                    0x08005b3b   Thumb Code    26  stm32f4xx_tim.o(.text)
    TIM_OC3NPolarityConfig                   0x08005b55   Thumb Code    26  stm32f4xx_tim.o(.text)
    TIM_OC4PolarityConfig                    0x08005b6f   Thumb Code    26  stm32f4xx_tim.o(.text)
    TIM_CCxCmd                               0x08005b89   Thumb Code    30  stm32f4xx_tim.o(.text)
    TIM_CCxNCmd                              0x08005ba7   Thumb Code    30  stm32f4xx_tim.o(.text)
    TIM_SetIC4Prescaler                      0x08005bc5   Thumb Code    26  stm32f4xx_tim.o(.text)
    TIM_SetIC3Prescaler                      0x08005c2f   Thumb Code    18  stm32f4xx_tim.o(.text)
    TIM_SetIC2Prescaler                      0x08005c89   Thumb Code    26  stm32f4xx_tim.o(.text)
    TIM_SetIC1Prescaler                      0x08005cfd   Thumb Code    18  stm32f4xx_tim.o(.text)
    TIM_ICInit                               0x08005d49   Thumb Code   110  stm32f4xx_tim.o(.text)
    TIM_ICStructInit                         0x08005db7   Thumb Code    18  stm32f4xx_tim.o(.text)
    TIM_PWMIConfig                           0x08005dc9   Thumb Code   124  stm32f4xx_tim.o(.text)
    TIM_GetCapture1                          0x08005e45   Thumb Code     6  stm32f4xx_tim.o(.text)
    TIM_GetCapture2                          0x08005e4b   Thumb Code     6  stm32f4xx_tim.o(.text)
    TIM_GetCapture3                          0x08005e51   Thumb Code     6  stm32f4xx_tim.o(.text)
    TIM_GetCapture4                          0x08005e57   Thumb Code     6  stm32f4xx_tim.o(.text)
    TIM_BDTRConfig                           0x08005e5d   Thumb Code    32  stm32f4xx_tim.o(.text)
    TIM_BDTRStructInit                       0x08005e7d   Thumb Code    18  stm32f4xx_tim.o(.text)
    TIM_CtrlPWMOutputs                       0x08005e8f   Thumb Code    30  stm32f4xx_tim.o(.text)
    TIM_SelectCOM                            0x08005ead   Thumb Code    24  stm32f4xx_tim.o(.text)
    TIM_CCPreloadControl                     0x08005ec5   Thumb Code    24  stm32f4xx_tim.o(.text)
    TIM_ITConfig                             0x08005edd   Thumb Code    18  stm32f4xx_tim.o(.text)
    TIM_GenerateEvent                        0x08005eef   Thumb Code     4  stm32f4xx_tim.o(.text)
    TIM_GetFlagStatus                        0x08005ef3   Thumb Code    18  stm32f4xx_tim.o(.text)
    TIM_ClearFlag                            0x08005f05   Thumb Code     6  stm32f4xx_tim.o(.text)
    TIM_GetITStatus                          0x08005f0b   Thumb Code    34  stm32f4xx_tim.o(.text)
    TIM_ClearITPendingBit                    0x08005f2d   Thumb Code     6  stm32f4xx_tim.o(.text)
    TIM_DMAConfig                            0x08005f33   Thumb Code    10  stm32f4xx_tim.o(.text)
    TIM_DMACmd                               0x08005f3d   Thumb Code    18  stm32f4xx_tim.o(.text)
    TIM_SelectCCDMA                          0x08005f4f   Thumb Code    24  stm32f4xx_tim.o(.text)
    TIM_InternalClockConfig                  0x08005f67   Thumb Code    12  stm32f4xx_tim.o(.text)
    TIM_SelectInputTrigger                   0x08005f73   Thumb Code    18  stm32f4xx_tim.o(.text)
    TIM_ITRxExternalClockConfig              0x08005f85   Thumb Code    24  stm32f4xx_tim.o(.text)
    TIM_TIxExternalClockConfig               0x08005f9d   Thumb Code    62  stm32f4xx_tim.o(.text)
    TIM_ETRConfig                            0x08005fdb   Thumb Code    28  stm32f4xx_tim.o(.text)
    TIM_ETRClockMode1Config                  0x08005ff7   Thumb Code    54  stm32f4xx_tim.o(.text)
    TIM_ETRClockMode2Config                  0x0800602d   Thumb Code    32  stm32f4xx_tim.o(.text)
    TIM_SelectOutputTrigger                  0x0800604d   Thumb Code    18  stm32f4xx_tim.o(.text)
    TIM_SelectSlaveMode                      0x0800605f   Thumb Code    18  stm32f4xx_tim.o(.text)
    TIM_SelectMasterSlaveMode                0x08006071   Thumb Code    18  stm32f4xx_tim.o(.text)
    TIM_EncoderInterfaceConfig               0x08006083   Thumb Code    66  stm32f4xx_tim.o(.text)
    TIM_SelectHallSensor                     0x080060c5   Thumb Code    24  stm32f4xx_tim.o(.text)
    TIM_RemapConfig                          0x080060dd   Thumb Code     6  stm32f4xx_tim.o(.text)
    __2sprintf                               0x080060e5   Thumb Code    34  noretval__2sprintf.o(.text)
    _printf_pre_padding                      0x0800610d   Thumb Code    44  _printf_pad.o(.text)
    _printf_post_padding                     0x08006139   Thumb Code    34  _printf_pad.o(.text)
    _printf_str                              0x0800615b   Thumb Code    82  _printf_str.o(.text)
    _printf_int_dec                          0x080061ad   Thumb Code   104  _printf_dec.o(.text)
    __printf                                 0x08006225   Thumb Code   308  __printf_flags_wp.o(.text)
    strlen                                   0x0800635d   Thumb Code    62  strlen.o(.text)
    __use_two_region_memory                  0x0800639b   Thumb Code     2  heapauxi.o(.text)
    __rt_heap_escrow$2region                 0x0800639d   Thumb Code     2  heapauxi.o(.text)
    __rt_heap_expand$2region                 0x0800639f   Thumb Code     2  heapauxi.o(.text)
    __read_errno                             0x080063a1   Thumb Code    10  _rserrno.o(.text)
    __set_errno                              0x080063ab   Thumb Code    12  _rserrno.o(.text)
    _printf_int_common                       0x080063b7   Thumb Code   178  _printf_intcommon.o(.text)
    _printf_char_common                      0x08006473   Thumb Code    32  _printf_char_common.o(.text)
    _sputc                                   0x08006499   Thumb Code    10  _sputc.o(.text)
    _printf_cs_common                        0x080064a3   Thumb Code    20  _printf_char.o(.text)
    _printf_char                             0x080064b7   Thumb Code    16  _printf_char.o(.text)
    _printf_string                           0x080064c7   Thumb Code     8  _printf_char.o(.text)
    __aeabi_errno_addr                       0x080064d1   Thumb Code     8  rt_errno_addr_intlibspace.o(.text)
    __errno$intlibspace                      0x080064d1   Thumb Code     0  rt_errno_addr_intlibspace.o(.text)
    __rt_errno_addr$intlibspace              0x080064d1   Thumb Code     0  rt_errno_addr_intlibspace.o(.text)
    __user_libspace                          0x080064d9   Thumb Code     8  libspace.o(.text)
    __user_perproc_libspace                  0x080064d9   Thumb Code     0  libspace.o(.text)
    __user_perthread_libspace                0x080064d9   Thumb Code     0  libspace.o(.text)
    __user_setup_stackheap                   0x080064e1   Thumb Code    74  sys_stackheap_outer.o(.text)
    exit                                     0x0800652b   Thumb Code    18  exit.o(.text)
    _sys_exit                                0x0800653d   Thumb Code     8  sys_exit.o(.text)
    __I$use$semihosting                      0x08006549   Thumb Code     0  use_no_semi.o(.text)
    __use_no_semihosting_swi                 0x08006549   Thumb Code     2  use_no_semi.o(.text)
    __hardfp_sqrt                            0x0800654b   Thumb Code   122  sqrt.o(i.__hardfp_sqrt)
    __semihosting_library_function           0x0800654b   Thumb Code     0  indicate_semi.o(.text)
    _is_digit                                0x080065c5   Thumb Code    14  __printf_wp.o(i._is_digit)
    __fpl_dcmp_Inf                           0x080065d3   Thumb Code    24  dcmpi.o(x$fpl$dcmpinf)
    __aeabi_d2uiz                            0x080065ed   Thumb Code     0  dfixu.o(x$fpl$dfixu)
    _dfixu                                   0x080065ed   Thumb Code    90  dfixu.o(x$fpl$dfixu)
    __aeabi_ui2d                             0x08006647   Thumb Code     0  dflt_clz.o(x$fpl$dfltu)
    _dfltu                                   0x08006647   Thumb Code    38  dflt_clz.o(x$fpl$dfltu)
    __aeabi_cdcmple                          0x0800666d   Thumb Code     0  dleqf.o(x$fpl$dleqf)
    _dcmple                                  0x0800666d   Thumb Code   120  dleqf.o(x$fpl$dleqf)
    __fpl_dcmple_InfNaN                      0x080066cf   Thumb Code     0  dleqf.o(x$fpl$dleqf)
    __aeabi_dmul                             0x080066e5   Thumb Code     0  dmul.o(x$fpl$dmul)
    _dmul                                    0x080066e5   Thumb Code   332  dmul.o(x$fpl$dmul)
    __fpl_dnaninf                            0x08006839   Thumb Code   156  dnaninf.o(x$fpl$dnaninf)
    __fpl_dretinf                            0x080068d5   Thumb Code    12  dretinf.o(x$fpl$dretinf)
    __aeabi_cdrcmple                         0x080068e1   Thumb Code     0  drleqf.o(x$fpl$drleqf)
    _drcmple                                 0x080068e1   Thumb Code   108  drleqf.o(x$fpl$drleqf)
    _dsqrt                                   0x0800694d   Thumb Code   404  dsqrt_umaal.o(x$fpl$dsqrt)
    __aeabi_f2d                              0x08006ae5   Thumb Code     0  f2d.o(x$fpl$f2d)
    _f2d                                     0x08006ae5   Thumb Code    86  f2d.o(x$fpl$f2d)
    __fpl_fnaninf                            0x08006b3b   Thumb Code   140  fnaninf.o(x$fpl$fnaninf)
    _fp_init                                 0x08006bc7   Thumb Code    10  fpinit.o(x$fpl$fpinit)
    __fplib_config_fpu_vfp                   0x08006bcf   Thumb Code     0  fpinit.o(x$fpl$fpinit)
    __fplib_config_pureend_doubles           0x08006bcf   Thumb Code     0  fpinit.o(x$fpl$fpinit)
    __I$use$fp                               0x08006bd0   Number         0  usenofp.o(x$fpl$usenofp)
    artir                                    0x08006bd0   Data        1152  main.o(.constdata)
    azalt                                    0x08007050   Data        1152  main.o(.constdata)
    lambaoff                                 0x080074d0   Data        1152  main.o(.constdata)
    lambaon                                  0x08007950   Data        1152  main.o(.constdata)
    onay                                     0x08007dd0   Data        1152  main.o(.constdata)
    power                                    0x08008250   Data        1152  main.o(.constdata)
    AnaEkran                                 0x080086d0   Data       153600  main.o(.constdata)
    saat                                     0x0802ded0   Data        3200  main.o(.constdata)
    takvim                                   0x0802eb50   Data        3200  main.o(.constdata)
    time                                     0x0802f7d0   Data        3200  main.o(.constdata)
    alarm                                    0x08030450   Data        3200  main.o(.constdata)
    ses                                      0x080310d0   Data        3200  main.o(.constdata)
    bataryadolu                              0x08031d50   Data        3200  main.o(.constdata)
    asc2_0806                                0x080329d0   Data         760  gui.o(.constdata)
    asc2_1206                                0x08032cc8   Data        1140  gui.o(.constdata)
    asc2_1608                                0x0803313c   Data        1520  gui.o(.constdata)
    asc2_2412                                0x0803372c   Data        4560  gui.o(.constdata)
    asc2_3216                                0x080348fc   Data        6080  gui.o(.constdata)
    asc2_4824                                0x080360bc   Data       13680  gui.o(.constdata)
    Region$$Table$$Base                      0x080396bc   Number         0  anon$$obj.o(Region$$Table)
    Region$$Table$$Limit                     0x080396dc   Number         0  anon$$obj.o(Region$$Table)
    ColorTab                                 0x20000000   Data          10  main.o(.data)
    RTC_TimeStructure                        0x2000000a   Data           4  main.o(.data)
    RTC_DateStructure                        0x2000000e   Data           4  main.o(.data)
    NVIC_InitStructur                        0x20000012   Data           4  main.o(.data)
    EXTI_InitStructure                       0x20000018   Data           8  main.o(.data)
    RTC_HandlerFlag                          0x20000020   Data           1  main.o(.data)
    strMonth                                 0x2000002a   Data         144  main.o(.data)
    strWeekday                               0x200000ba   Data          84  main.o(.data)
    AlarmWeekday                             0x2000010e   Data          84  main.o(.data)
    AsynchPrediv                             0x20000164   Data           4  main.o(.data)
    SynchPrediv                              0x20000168   Data           4  main.o(.data)
    timeFlag                                 0x2000016c   Data           4  main.o(.data)
    counterflag                              0x20000170   Data           4  main.o(.data)
    SystemCoreClock                          0x20000174   Data           4  system_stm32f4xx.o(.data)
    AHBPrescTable                            0x20000178   Data          16  system_stm32f4xx.o(.data)
    POINT_COLOR                              0x20000188   Data           2  lcd.o(.data)
    BACK_COLOR                               0x2000018a   Data           2  lcd.o(.data)
    DeviceCode                               0x2000018c   Data           2  lcd.o(.data)
    tp_dev                                   0x20000190   Data          40  touch.o(.data)
    CMD_RDX                                  0x200001b8   Data           1  touch.o(.data)
    CMD_RDY                                  0x200001b9   Data           1  touch.o(.data)
    TP_REMIND_MSG_TBL                        0x200001bc   Data           4  touch.o(.data)
    TIM_TimeBaseStructure                    0x200001d4   Data          12  main.o(.bss)
    RTC_InitStructure                        0x200001e0   Data          12  main.o(.bss)
    TempStr                                  0x200001ec   Data          25  main.o(.bss)
    lcddev                                   0x20000206   Data          14  lcd.o(.bss)
    __libspace_start                         0x20000214   Data          96  libspace.o(.bss)
    __temporary_stack_top$libspace           0x20000274   Data           0  libspace.o(.bss)



==============================================================================

Memory Map of the image

  Image Entry point : 0x08000189

  Load Region LR_IROM1 (Base: 0x08000000, Size: 0x000398b0, Max: 0x00100000, ABSOLUTE, COMPRESSED[0x00039790])

    Execution Region ER_IROM1 (Exec base: 0x08000000, Load base: 0x08000000, Size: 0x000396dc, Max: 0x00100000, ABSOLUTE)

    Exec Addr    Load Addr    Size         Type   Attr      Idx    E Section Name        Object

    0x08000000   0x08000000   0x00000188   Data   RO          455    RESET               startup_stm32f40_41xxx.o
    0x08000188   0x08000188   0x00000008   Code   RO          726  * !!!main             c_w.l(__main.o)
    0x08000190   0x08000190   0x00000034   Code   RO          944    !!!scatter          c_w.l(__scatter.o)
    0x080001c4   0x080001c4   0x0000005a   Code   RO          942    !!dczerorl2         c_w.l(__dczerorl2.o)
    0x0800021e   0x0800021e   0x00000002   PAD
    0x08000220   0x08000220   0x0000001c   Code   RO          946    !!handler_zi        c_w.l(__scatter_zi.o)
    0x0800023c   0x0800023c   0x00000000   Code   RO          721    .ARM.Collect$$_printf_percent$$00000000  c_w.l(_printf_percent.o)
    0x0800023c   0x0800023c   0x00000006   Code   RO          720    .ARM.Collect$$_printf_percent$$00000009  c_w.l(_printf_d.o)
    0x08000242   0x08000242   0x00000006   Code   RO          719    .ARM.Collect$$_printf_percent$$00000014  c_w.l(_printf_s.o)
    0x08000248   0x08000248   0x00000004   Code   RO          769    .ARM.Collect$$_printf_percent$$00000017  c_w.l(_printf_percent_end.o)
    0x0800024c   0x0800024c   0x00000002   Code   RO          815    .ARM.Collect$$libinit$$00000000  c_w.l(libinit.o)
    0x0800024e   0x0800024e   0x00000004   Code   RO          818    .ARM.Collect$$libinit$$00000001  c_w.l(libinit2.o)
    0x08000252   0x08000252   0x00000000   Code   RO          821    .ARM.Collect$$libinit$$00000004  c_w.l(libinit2.o)
    0x08000252   0x08000252   0x00000000   Code   RO          824    .ARM.Collect$$libinit$$0000000A  c_w.l(libinit2.o)
    0x08000252   0x08000252   0x00000000   Code   RO          826    .ARM.Collect$$libinit$$0000000C  c_w.l(libinit2.o)
    0x08000252   0x08000252   0x00000000   Code   RO          828    .ARM.Collect$$libinit$$0000000E  c_w.l(libinit2.o)
    0x08000252   0x08000252   0x00000000   Code   RO          831    .ARM.Collect$$libinit$$00000011  c_w.l(libinit2.o)
    0x08000252   0x08000252   0x00000000   Code   RO          833    .ARM.Collect$$libinit$$00000013  c_w.l(libinit2.o)
    0x08000252   0x08000252   0x00000000   Code   RO          835    .ARM.Collect$$libinit$$00000015  c_w.l(libinit2.o)
    0x08000252   0x08000252   0x00000000   Code   RO          837    .ARM.Collect$$libinit$$00000017  c_w.l(libinit2.o)
    0x08000252   0x08000252   0x00000000   Code   RO          839    .ARM.Collect$$libinit$$00000019  c_w.l(libinit2.o)
    0x08000252   0x08000252   0x00000000   Code   RO          841    .ARM.Collect$$libinit$$0000001B  c_w.l(libinit2.o)
    0x08000252   0x08000252   0x00000000   Code   RO          843    .ARM.Collect$$libinit$$0000001D  c_w.l(libinit2.o)
    0x08000252   0x08000252   0x00000000   Code   RO          845    .ARM.Collect$$libinit$$0000001F  c_w.l(libinit2.o)
    0x08000252   0x08000252   0x00000000   Code   RO          847    .ARM.Collect$$libinit$$00000021  c_w.l(libinit2.o)
    0x08000252   0x08000252   0x00000000   Code   RO          849    .ARM.Collect$$libinit$$00000023  c_w.l(libinit2.o)
    0x08000252   0x08000252   0x00000000   Code   RO          851    .ARM.Collect$$libinit$$00000025  c_w.l(libinit2.o)
    0x08000252   0x08000252   0x00000000   Code   RO          855    .ARM.Collect$$libinit$$0000002C  c_w.l(libinit2.o)
    0x08000252   0x08000252   0x00000000   Code   RO          857    .ARM.Collect$$libinit$$0000002E  c_w.l(libinit2.o)
    0x08000252   0x08000252   0x00000000   Code   RO          859    .ARM.Collect$$libinit$$00000030  c_w.l(libinit2.o)
    0x08000252   0x08000252   0x00000000   Code   RO          861    .ARM.Collect$$libinit$$00000032  c_w.l(libinit2.o)
    0x08000252   0x08000252   0x00000002   Code   RO          862    .ARM.Collect$$libinit$$00000033  c_w.l(libinit2.o)
    0x08000254   0x08000254   0x00000002   Code   RO          882    .ARM.Collect$$libshutdown$$00000000  c_w.l(libshutdown.o)
    0x08000256   0x08000256   0x00000000   Code   RO          895    .ARM.Collect$$libshutdown$$00000002  c_w.l(libshutdown2.o)
    0x08000256   0x08000256   0x00000000   Code   RO          897    .ARM.Collect$$libshutdown$$00000004  c_w.l(libshutdown2.o)
    0x08000256   0x08000256   0x00000000   Code   RO          900    .ARM.Collect$$libshutdown$$00000007  c_w.l(libshutdown2.o)
    0x08000256   0x08000256   0x00000000   Code   RO          903    .ARM.Collect$$libshutdown$$0000000A  c_w.l(libshutdown2.o)
    0x08000256   0x08000256   0x00000000   Code   RO          905    .ARM.Collect$$libshutdown$$0000000C  c_w.l(libshutdown2.o)
    0x08000256   0x08000256   0x00000000   Code   RO          908    .ARM.Collect$$libshutdown$$0000000F  c_w.l(libshutdown2.o)
    0x08000256   0x08000256   0x00000002   Code   RO          909    .ARM.Collect$$libshutdown$$00000010  c_w.l(libshutdown2.o)
    0x08000258   0x08000258   0x00000000   Code   RO          758    .ARM.Collect$$rtentry$$00000000  c_w.l(__rtentry.o)
    0x08000258   0x08000258   0x00000000   Code   RO          782    .ARM.Collect$$rtentry$$00000002  c_w.l(__rtentry2.o)
    0x08000258   0x08000258   0x00000006   Code   RO          794    .ARM.Collect$$rtentry$$00000004  c_w.l(__rtentry4.o)
    0x0800025e   0x0800025e   0x00000000   Code   RO          784    .ARM.Collect$$rtentry$$00000009  c_w.l(__rtentry2.o)
    0x0800025e   0x0800025e   0x00000004   Code   RO          785    .ARM.Collect$$rtentry$$0000000A  c_w.l(__rtentry2.o)
    0x08000262   0x08000262   0x00000000   Code   RO          787    .ARM.Collect$$rtentry$$0000000C  c_w.l(__rtentry2.o)
    0x08000262   0x08000262   0x00000008   Code   RO          788    .ARM.Collect$$rtentry$$0000000D  c_w.l(__rtentry2.o)
    0x0800026a   0x0800026a   0x00000002   Code   RO          816    .ARM.Collect$$rtexit$$00000000  c_w.l(rtexit.o)
    0x0800026c   0x0800026c   0x00000000   Code   RO          864    .ARM.Collect$$rtexit$$00000002  c_w.l(rtexit2.o)
    0x0800026c   0x0800026c   0x00000004   Code   RO          865    .ARM.Collect$$rtexit$$00000003  c_w.l(rtexit2.o)
    0x08000270   0x08000270   0x00000006   Code   RO          866    .ARM.Collect$$rtexit$$00000004  c_w.l(rtexit2.o)
    0x08000276   0x08000276   0x00000002   PAD
    0x08000278   0x08000278   0x00000698   Code   RO            3    .text               main.o
    0x08000910   0x08000910   0x000010ac   Code   RO          171    .text               gui.o
    0x080019bc   0x080019bc   0x0000001a   Code   RO          197    .text               stm32f4xx_it.o
    0x080019d6   0x080019d6   0x00000002   PAD
    0x080019d8   0x080019d8   0x00000210   Code   RO          220    .text               system_stm32f4xx.o
    0x08001be8   0x08001be8   0x000004e8   Code   RO          246    .text               lcd.o
    0x080020d0   0x080020d0   0x000000fc   Code   RO          277    .text               spi.o
    0x080021cc   0x080021cc   0x0000017a   Code   RO          297    .text               24cxx.o
    0x08002346   0x08002346   0x00000002   PAD
    0x08002348   0x08002348   0x0000025c   Code   RO          323    .text               myiic.o
    0x080025a4   0x080025a4   0x00000104   Code   RO          343    .text               key.o
    0x080026a8   0x080026a8   0x00000038   Code   RO          364    .text               led.o
    0x080026e0   0x080026e0   0x00000ef8   Code   RO          384    .text               touch.o
    0x080035d8   0x080035d8   0x00000104   Code   RO          415    .text               delay.o
    0x080036dc   0x080036dc   0x00000040   Code   RO          456    .text               startup_stm32f40_41xxx.o
    0x0800371c   0x0800371c   0x000000e0   Code   RO          462    .text               misc.o
    0x080037fc   0x080037fc   0x00000294   Code   RO          482    .text               stm32f4xx_gpio.o
    0x08003a90   0x08003a90   0x0000065c   Code   RO          525    .text               stm32f4xx_rcc.o
    0x080040ec   0x080040ec   0x00000480   Code   RO          587    .text               stm32f4xx_spi.o
    0x0800456c   0x0800456c   0x00000d68   Code   RO          607    .text               stm32f4xx_rtc.o
    0x080052d4   0x080052d4   0x0000016c   Code   RO          647    .text               stm32f4xx_pwr.o
    0x08005440   0x08005440   0x00000ca2   Code   RO          667    .text               stm32f4xx_tim.o
    0x080060e2   0x080060e2   0x00000002   PAD
    0x080060e4   0x080060e4   0x00000028   Code   RO          689    .text               c_w.l(noretval__2sprintf.o)
    0x0800610c   0x0800610c   0x0000004e   Code   RO          693    .text               c_w.l(_printf_pad.o)
    0x0800615a   0x0800615a   0x00000052   Code   RO          695    .text               c_w.l(_printf_str.o)
    0x080061ac   0x080061ac   0x00000078   Code   RO          697    .text               c_w.l(_printf_dec.o)
    0x08006224   0x08006224   0x00000138   Code   RO          711    .text               c_w.l(__printf_flags_wp.o)
    0x0800635c   0x0800635c   0x0000003e   Code   RO          722    .text               c_w.l(strlen.o)
    0x0800639a   0x0800639a   0x00000006   Code   RO          724    .text               c_w.l(heapauxi.o)
    0x080063a0   0x080063a0   0x00000016   Code   RO          759    .text               c_w.l(_rserrno.o)
    0x080063b6   0x080063b6   0x000000b2   Code   RO          761    .text               c_w.l(_printf_intcommon.o)
    0x08006468   0x08006468   0x00000030   Code   RO          763    .text               c_w.l(_printf_char_common.o)
    0x08006498   0x08006498   0x0000000a   Code   RO          765    .text               c_w.l(_sputc.o)
    0x080064a2   0x080064a2   0x0000002c   Code   RO          767    .text               c_w.l(_printf_char.o)
    0x080064ce   0x080064ce   0x00000002   PAD
    0x080064d0   0x080064d0   0x00000008   Code   RO          799    .text               c_w.l(rt_errno_addr_intlibspace.o)
    0x080064d8   0x080064d8   0x00000008   Code   RO          803    .text               c_w.l(libspace.o)
    0x080064e0   0x080064e0   0x0000004a   Code   RO          806    .text               c_w.l(sys_stackheap_outer.o)
    0x0800652a   0x0800652a   0x00000012   Code   RO          808    .text               c_w.l(exit.o)
    0x0800653c   0x0800653c   0x0000000c   Code   RO          874    .text               c_w.l(sys_exit.o)
    0x08006548   0x08006548   0x00000002   Code   RO          885    .text               c_w.l(use_no_semi.o)
    0x0800654a   0x0800654a   0x00000000   Code   RO          887    .text               c_w.l(indicate_semi.o)
    0x0800654a   0x0800654a   0x0000007a   Code   RO          746    i.__hardfp_sqrt     m_wm.l(sqrt.o)
    0x080065c4   0x080065c4   0x0000000e   Code   RO          709    i._is_digit         c_w.l(__printf_wp.o)
    0x080065d2   0x080065d2   0x00000018   Code   RO          770    x$fpl$dcmpinf       fz_wm.l(dcmpi.o)
    0x080065ea   0x080065ea   0x00000002   PAD
    0x080065ec   0x080065ec   0x0000005a   Code   RO          728    x$fpl$dfixu         fz_wm.l(dfixu.o)
    0x08006646   0x08006646   0x00000026   Code   RO          732    x$fpl$dfltu         fz_wm.l(dflt_clz.o)
    0x0800666c   0x0800666c   0x00000078   Code   RO          738    x$fpl$dleqf         fz_wm.l(dleqf.o)
    0x080066e4   0x080066e4   0x00000154   Code   RO          740    x$fpl$dmul          fz_wm.l(dmul.o)
    0x08006838   0x08006838   0x0000009c   Code   RO          772    x$fpl$dnaninf       fz_wm.l(dnaninf.o)
    0x080068d4   0x080068d4   0x0000000c   Code   RO          774    x$fpl$dretinf       fz_wm.l(dretinf.o)
    0x080068e0   0x080068e0   0x0000006c   Code   RO          742    x$fpl$drleqf        fz_wm.l(drleqf.o)
    0x0800694c   0x0800694c   0x00000198   Code   RO          776    x$fpl$dsqrt         fz_wm.l(dsqrt_umaal.o)
    0x08006ae4   0x08006ae4   0x00000056   Code   RO          744    x$fpl$f2d           fz_wm.l(f2d.o)
    0x08006b3a   0x08006b3a   0x0000008c   Code   RO          778    x$fpl$fnaninf       fz_wm.l(fnaninf.o)
    0x08006bc6   0x08006bc6   0x0000000a   Code   RO          872    x$fpl$fpinit        fz_wm.l(fpinit.o)
    0x08006bd0   0x08006bd0   0x00000000   Code   RO          780    x$fpl$usenofp       fz_wm.l(usenofp.o)
    0x08006bd0   0x08006bd0   0x0002be00   Data   RO            5    .constdata          main.o
    0x080329d0   0x080329d0   0x00006c5c   Data   RO          172    .constdata          gui.o
    0x0803962c   0x0803962c   0x00000011   Data   RO          712    .constdata          c_w.l(__printf_flags_wp.o)
    0x0803963d   0x0803963d   0x00000003   PAD
    0x08039640   0x08039640   0x00000079   Data   RO          385    .conststring        touch.o
    0x080396b9   0x080396b9   0x00000003   PAD
    0x080396bc   0x080396bc   0x00000020   Data   RO          940    Region$$Table       anon$$obj.o


    Execution Region RW_IRAM1 (Exec base: 0x20000000, Load base: 0x080396dc, Size: 0x00000878, Max: 0x00020000, ABSOLUTE, COMPRESSED[0x000000b4])

    Exec Addr    Load Addr    Size         Type   Attr      Idx    E Section Name        Object

    0x20000000   COMPRESSED   0x00000174   Data   RW            6    .data               main.o
    0x20000174   COMPRESSED   0x00000014   Data   RW          221    .data               system_stm32f4xx.o
    0x20000188   COMPRESSED   0x00000006   Data   RW          248    .data               lcd.o
    0x2000018e   COMPRESSED   0x00000001   Data   RW          344    .data               key.o
    0x2000018f   COMPRESSED   0x00000001   PAD
    0x20000190   COMPRESSED   0x00000030   Data   RW          386    .data               touch.o
    0x200001c0   COMPRESSED   0x00000004   Data   RW          416    .data               delay.o
    0x200001c4   COMPRESSED   0x00000010   Data   RW          526    .data               stm32f4xx_rcc.o
    0x200001d4        -       0x00000031   Zero   RW            4    .bss                main.o
    0x20000205   COMPRESSED   0x00000001   PAD
    0x20000206        -       0x0000000e   Zero   RW          247    .bss                lcd.o
    0x20000214        -       0x00000060   Zero   RW          804    .bss                c_w.l(libspace.o)
    0x20000274   COMPRESSED   0x00000004   PAD
    0x20000278        -       0x00000200   Zero   RW          454    HEAP                startup_stm32f40_41xxx.o
    0x20000478        -       0x00000400   Zero   RW          453    STACK               startup_stm32f40_41xxx.o

